Archive member included to satisfy reference by file (symbol)

c:/st/stm32cubeide_1.7.0/stm32cubeide/plugins/com.st.stm32cube.ide.mcu.externaltools.gnu-tools-for-stm32.9-2020-q2-update.win32_2.0.0.202105311346/tools/bin/../lib/gcc/arm-none-eabi/9.3.1/../../../../arm-none-eabi/lib/thumb/v7-m/nofp\libc_nano.a(lib_a-errno.o)
                              ./Src/syscalls.o (__errno)
c:/st/stm32cubeide_1.7.0/stm32cubeide/plugins/com.st.stm32cube.ide.mcu.externaltools.gnu-tools-for-stm32.9-2020-q2-update.win32_2.0.0.202105311346/tools/bin/../lib/gcc/arm-none-eabi/9.3.1/../../../../arm-none-eabi/lib/thumb/v7-m/nofp\libc_nano.a(lib_a-exit.o)
                              c:/st/stm32cubeide_1.7.0/stm32cubeide/plugins/com.st.stm32cube.ide.mcu.externaltools.gnu-tools-for-stm32.9-2020-q2-update.win32_2.0.0.202105311346/tools/bin/../lib/gcc/arm-none-eabi/9.3.1/../../../../arm-none-eabi/lib/thumb/v7-m/nofp/crt0.o (exit)
c:/st/stm32cubeide_1.7.0/stm32cubeide/plugins/com.st.stm32cube.ide.mcu.externaltools.gnu-tools-for-stm32.9-2020-q2-update.win32_2.0.0.202105311346/tools/bin/../lib/gcc/arm-none-eabi/9.3.1/../../../../arm-none-eabi/lib/thumb/v7-m/nofp\libc_nano.a(lib_a-impure.o)
                              c:/st/stm32cubeide_1.7.0/stm32cubeide/plugins/com.st.stm32cube.ide.mcu.externaltools.gnu-tools-for-stm32.9-2020-q2-update.win32_2.0.0.202105311346/tools/bin/../lib/gcc/arm-none-eabi/9.3.1/../../../../arm-none-eabi/lib/thumb/v7-m/nofp\libc_nano.a(lib_a-exit.o) (_global_impure_ptr)
c:/st/stm32cubeide_1.7.0/stm32cubeide/plugins/com.st.stm32cube.ide.mcu.externaltools.gnu-tools-for-stm32.9-2020-q2-update.win32_2.0.0.202105311346/tools/bin/../lib/gcc/arm-none-eabi/9.3.1/../../../../arm-none-eabi/lib/thumb/v7-m/nofp\libc_nano.a(lib_a-init.o)
                              c:/st/stm32cubeide_1.7.0/stm32cubeide/plugins/com.st.stm32cube.ide.mcu.externaltools.gnu-tools-for-stm32.9-2020-q2-update.win32_2.0.0.202105311346/tools/bin/../lib/gcc/arm-none-eabi/9.3.1/../../../../arm-none-eabi/lib/thumb/v7-m/nofp/crt0.o (__libc_init_array)
c:/st/stm32cubeide_1.7.0/stm32cubeide/plugins/com.st.stm32cube.ide.mcu.externaltools.gnu-tools-for-stm32.9-2020-q2-update.win32_2.0.0.202105311346/tools/bin/../lib/gcc/arm-none-eabi/9.3.1/../../../../arm-none-eabi/lib/thumb/v7-m/nofp\libc_nano.a(lib_a-memset.o)
                              c:/st/stm32cubeide_1.7.0/stm32cubeide/plugins/com.st.stm32cube.ide.mcu.externaltools.gnu-tools-for-stm32.9-2020-q2-update.win32_2.0.0.202105311346/tools/bin/../lib/gcc/arm-none-eabi/9.3.1/../../../../arm-none-eabi/lib/thumb/v7-m/nofp/crt0.o (memset)
c:/st/stm32cubeide_1.7.0/stm32cubeide/plugins/com.st.stm32cube.ide.mcu.externaltools.gnu-tools-for-stm32.9-2020-q2-update.win32_2.0.0.202105311346/tools/bin/../lib/gcc/arm-none-eabi/9.3.1/thumb/v7-m/nofp\libgcc.a(_arm_mulsf3.o)
                              ./Src/pid_controller.o (__aeabi_fmul)
c:/st/stm32cubeide_1.7.0/stm32cubeide/plugins/com.st.stm32cube.ide.mcu.externaltools.gnu-tools-for-stm32.9-2020-q2-update.win32_2.0.0.202105311346/tools/bin/../lib/gcc/arm-none-eabi/9.3.1/thumb/v7-m/nofp\libgcc.a(_arm_addsubdf3.o)
                              ./Src/main.o (__aeabi_i2d)
c:/st/stm32cubeide_1.7.0/stm32cubeide/plugins/com.st.stm32cube.ide.mcu.externaltools.gnu-tools-for-stm32.9-2020-q2-update.win32_2.0.0.202105311346/tools/bin/../lib/gcc/arm-none-eabi/9.3.1/thumb/v7-m/nofp\libgcc.a(_arm_fixunsdfsi.o)
                              ./Src/main.o (__aeabi_d2uiz)
c:/st/stm32cubeide_1.7.0/stm32cubeide/plugins/com.st.stm32cube.ide.mcu.externaltools.gnu-tools-for-stm32.9-2020-q2-update.win32_2.0.0.202105311346/tools/bin/../lib/gcc/arm-none-eabi/9.3.1/thumb/v7-m/nofp\libgcc.a(_arm_truncdfsf2.o)
                              ./Src/main.o (__aeabi_d2f)
c:/st/stm32cubeide_1.7.0/stm32cubeide/plugins/com.st.stm32cube.ide.mcu.externaltools.gnu-tools-for-stm32.9-2020-q2-update.win32_2.0.0.202105311346/tools/bin/../lib/gcc/arm-none-eabi/9.3.1/thumb/v7-m/nofp\libgcc.a(_arm_addsubsf3.o)
                              ./Src/pid_controller.o (__aeabi_fsub)
c:/st/stm32cubeide_1.7.0/stm32cubeide/plugins/com.st.stm32cube.ide.mcu.externaltools.gnu-tools-for-stm32.9-2020-q2-update.win32_2.0.0.202105311346/tools/bin/../lib/gcc/arm-none-eabi/9.3.1/thumb/v7-m/nofp\libgcc.a(_arm_muldivsf3.o)
                              ./Src/pid_controller.o (__aeabi_fdiv)
c:/st/stm32cubeide_1.7.0/stm32cubeide/plugins/com.st.stm32cube.ide.mcu.externaltools.gnu-tools-for-stm32.9-2020-q2-update.win32_2.0.0.202105311346/tools/bin/../lib/gcc/arm-none-eabi/9.3.1/thumb/v7-m/nofp\libgcc.a(_arm_cmpsf2.o)
                              ./Src/pid_controller.o (__aeabi_fcmplt)

Allocating common symbols
Common symbol       size              file

hUsbDeviceFS        0x2c4             ./Src/usb_device.o
mySpeedPID          0x3c              ./Src/main.o
uwTick              0x4               ./Drivers/STM32F1xx_HAL_Driver/Src/stm32f1xx_hal.o
[...]
Memory Configuration

Name             Origin             Length             Attributes
RAM              0x0000000020000000 0x0000000000005000 xrw
FLASH            0x0000000008000000 0x0000000000010000 xr
*default*        0x0000000000000000 0xffffffffffffffff

Linker script and memory map

LOAD c:/st/stm32cubeide_1.7.0/stm32cubeide/plugins/com.st.stm32cube.ide.mcu.externaltools.gnu-tools-for-stm32.9-2020-q2-update.win32_2.0.0.202105311346/tools/bin/../lib/gcc/arm-none-eabi/9.3.1/thumb/v7-m/nofp/crti.o
LOAD c:/st/stm32cubeide_1.7.0/stm32cubeide/plugins/com.st.stm32cube.ide.mcu.externaltools.gnu-tools-for-stm32.9-2020-q2-update.win32_2.0.0.202105311346/tools/bin/../lib/gcc/arm-none-eabi/9.3.1/thumb/v7-m/nofp/crtbegin.o
LOAD c:/st/stm32cubeide_1.7.0/stm32cubeide/plugins/com.st.stm32cube.ide.mcu.externaltools.gnu-tools-for-stm32.9-2020-q2-update.win32_2.0.0.202105311346/tools/bin/../lib/gcc/arm-none-eabi/9.3.1/../../../../arm-none-eabi/lib/thumb/v7-m/nofp/crt0.o
LOAD ./Drivers/STM32F1xx_HAL_Driver/Src/stm32f1xx_hal.o
LOAD ./Drivers/STM32F1xx_HAL_Driver/Src/stm32f1xx_hal_adc.o
LOAD ./Drivers/STM32F1xx_HAL_Driver/Src/stm32f1xx_hal_adc_ex.o
LOAD ./Drivers/STM32F1xx_HAL_Driver/Src/stm32f1xx_hal_cortex.o
LOAD ./Drivers/STM32F1xx_HAL_Driver/Src/stm32f1xx_hal_dma.o
LOAD ./Drivers/STM32F1xx_HAL_Driver/Src/stm32f1xx_hal_exti.o
LOAD ./Drivers/STM32F1xx_HAL_Driver/Src/stm32f1xx_hal_flash.o
LOAD ./Drivers/STM32F1xx_HAL_Driver/Src/stm32f1xx_hal_flash_ex.o
LOAD ./Drivers/STM32F1xx_HAL_Driver/Src/stm32f1xx_hal_gpio.o
LOAD ./Drivers/STM32F1xx_HAL_Driver/Src/stm32f1xx_hal_gpio_ex.o
LOAD ./Drivers/STM32F1xx_HAL_Driver/Src/stm32f1xx_hal_pcd.o
LOAD ./Drivers/STM32F1xx_HAL_Driver/Src/stm32f1xx_hal_pcd_ex.o
LOAD ./Drivers/STM32F1xx_HAL_Driver/Src/stm32f1xx_hal_pwr.o
LOAD ./Drivers/STM32F1xx_HAL_Driver/Src/stm32f1xx_hal_rcc.o
LOAD ./Drivers/STM32F1xx_HAL_Driver/Src/stm32f1xx_hal_rcc_ex.o
LOAD ./Drivers/STM32F1xx_HAL_Driver/Src/stm32f1xx_hal_tim.o
LOAD ./Drivers/STM32F1xx_HAL_Driver/Src/stm32f1xx_hal_tim_ex.o
LOAD ./Drivers/STM32F1xx_HAL_Driver/Src/stm32f1xx_ll_usb.o
LOAD ./Middlewares/ST/STM32_USB_Device_Library/Class/CDC/Src/usbd_cdc.o
LOAD ./Middlewares/ST/STM32_USB_Device_Library/Core/Src/usbd_core.o
LOAD ./Middlewares/ST/STM32_USB_Device_Library/Core/Src/usbd_ctlreq.o
LOAD ./Middlewares/ST/STM32_USB_Device_Library/Core/Src/usbd_ioreq.o
LOAD ./Src/main.o
LOAD ./Src/pid_controller.o
LOAD ./Src/stm32f1xx_hal_msp.o
LOAD ./Src/stm32f1xx_it.o
LOAD ./Src/syscalls.o
LOAD ./Src/sysmem.o
LOAD ./Src/system_stm32f1xx.o
LOAD ./Src/usb_device.o
LOAD ./Src/usbd_cdc_if.o
LOAD ./Src/usbd_conf.o
LOAD ./Src/usbd_desc.o
LOAD ./Startup/startup_stm32f103c8tx.o
START GROUP
LOAD c:/st/stm32cubeide_1.7.0/stm32cubeide/plugins/com.st.stm32cube.ide.mcu.externaltools.gnu-tools-for-stm32.9-2020-q2-update.win32_2.0.0.202105311346/tools/bin/../lib/gcc/arm-none-eabi/9.3.1/../../../../arm-none-eabi/lib/thumb/v7-m/nofp\libc_nano.a
LOAD c:/st/stm32cubeide_1.7.0/stm32cubeide/plugins/com.st.stm32cube.ide.mcu.externaltools.gnu-tools-for-stm32.9-2020-q2-update.win32_2.0.0.202105311346/tools/bin/../lib/gcc/arm-none-eabi/9.3.1/../../../../arm-none-eabi/lib/thumb/v7-m/nofp\libm.a
END GROUP
START GROUP
LOAD c:/st/stm32cubeide_1.7.0/stm32cubeide/plugins/com.st.stm32cube.ide.mcu.externaltools.gnu-tools-for-stm32.9-2020-q2-update.win32_2.0.0.202105311346/tools/bin/../lib/gcc/arm-none-eabi/9.3.1/thumb/v7-m/nofp\libgcc.a
LOAD c:/st/stm32cubeide_1.7.0/stm32cubeide/plugins/com.st.stm32cube.ide.mcu.externaltools.gnu-tools-for-stm32.9-2020-q2-update.win32_2.0.0.202105311346/tools/bin/../lib/gcc/arm-none-eabi/9.3.1/../../../../arm-none-eabi/lib/thumb/v7-m/nofp\libc_nano.a
END GROUP
START GROUP
LOAD c:/st/stm32cubeide_1.7.0/stm32cubeide/plugins/com.st.stm32cube.ide.mcu.externaltools.gnu-tools-for-stm32.9-2020-q2-update.win32_2.0.0.202105311346/tools/bin/../lib/gcc/arm-none-eabi/9.3.1/thumb/v7-m/nofp\libgcc.a
LOAD c:/st/stm32cubeide_1.7.0/stm32cubeide/plugins/com.st.stm32cube.ide.mcu.externaltools.gnu-tools-for-stm32.9-2020-q2-update.win32_2.0.0.202105311346/tools/bin/../lib/gcc/arm-none-eabi/9.3.1/../../../../arm-none-eabi/lib/thumb/v7-m/nofp\libc_nano.a
LOAD c:/st/stm32cubeide_1.7.0/stm32cubeide/plugins/com.st.stm32cube.ide.mcu.externaltools.gnu-tools-for-stm32.9-2020-q2-update.win32_2.0.0.202105311346/tools/bin/../lib/gcc/arm-none-eabi/9.3.1/../../../../arm-none-eabi/lib/thumb/v7-m/nofp\libnosys.a
END GROUP
START GROUP
LOAD c:/st/stm32cubeide_1.7.0/stm32cubeide/plugins/com.st.stm32cube.ide.mcu.externaltools.gnu-tools-for-stm32.9-2020-q2-update.win32_2.0.0.202105311346/tools/bin/../lib/gcc/arm-none-eabi/9.3.1/thumb/v7-m/nofp\libgcc.a
LOAD c:/st/stm32cubeide_1.7.0/stm32cubeide/plugins/com.st.stm32cube.ide.mcu.externaltools.gnu-tools-for-stm32.9-2020-q2-update.win32_2.0.0.202105311346/tools/bin/../lib/gcc/arm-none-eabi/9.3.1/../../../../arm-none-eabi/lib/thumb/v7-m/nofp\libc_nano.a
LOAD c:/st/stm32cubeide_1.7.0/stm32cubeide/plugins/com.st.stm32cube.ide.mcu.externaltools.gnu-tools-for-stm32.9-2020-q2-update.win32_2.0.0.202105311346/tools/bin/../lib/gcc/arm-none-eabi/9.3.1/../../../../arm-none-eabi/lib/thumb/v7-m/nofp\libnosys.a
END GROUP
LOAD c:/st/stm32cubeide_1.7.0/stm32cubeide/plugins/com.st.stm32cube.ide.mcu.externaltools.gnu-tools-for-stm32.9-2020-q2-update.win32_2.0.0.202105311346/tools/bin/../lib/gcc/arm-none-eabi/9.3.1/thumb/v7-m/nofp/crtend.o
LOAD c:/st/stm32cubeide_1.7.0/stm32cubeide/plugins/com.st.stm32cube.ide.mcu.externaltools.gnu-tools-for-stm32.9-2020-q2-update.win32_2.0.0.202105311346/tools/bin/../lib/gcc/arm-none-eabi/9.3.1/thumb/v7-m/nofp/crtn.o
                0x0000000020005000                _estack = (ORIGIN (RAM) + LENGTH (RAM))
                0x0000000000000200                _Min_Heap_Size = 0x200
                0x0000000000000400                _Min_Stack_Size = 0x400

.isr_vector     0x0000000008000000      0x10c
                0x0000000008000000                . = ALIGN (0x4)
 *(.isr_vector)
 .isr_vector    0x0000000008000000      0x10c ./Startup/startup_stm32f103c8tx.o
                0x0000000008000000                g_pfnVectors
                0x000000000800010c                . = ALIGN (0x4)

.text           0x000000000800010c     0x9924
                0x000000000800010c                . = ALIGN (0x4)
 *(.text)
 .text          0x000000000800010c       0x40 c:/st/stm32cubeide_1.7.0/stm32cubeide/plugins/com.st.stm32cube.ide.mcu.externaltools.gnu-tools-for-stm32.9-2020-q2-update.win32_2.0.0.202105311346/tools/bin/../lib/gcc/arm-none-eabi/9.3.1/thumb/v7-m/nofp/crtbegin.o
 .text          0x000000000800014c      0x378 c:/st/stm32cubeide_1.7.0/stm32cubeide/plugins/com.st.stm32cube.ide.mcu.externaltools.gnu-tools-for-stm32.9-2020-q2-update.win32_2.0.0.202105311346/tools/bin/../lib/gcc/arm-none-eabi/9.3.1/thumb/v7-m/nofp\libgcc.a(_arm_addsubdf3.o)
                0x000000000800014c                __aeabi_drsub
                0x0000000008000154                __aeabi_dsub
                0x0000000008000154                __subdf3
                0x0000000008000158                __aeabi_dadd
                0x0000000008000158                __adddf3
                0x00000000080003d0                __floatunsidf
                0x00000000080003d0                __aeabi_ui2d
                0x00000000080003f0                __floatsidf
                0x00000000080003f0                __aeabi_i2d
                0x0000000008000414                __aeabi_f2d
                0x0000000008000414                __extendsfdf2
                0x0000000008000458                __floatundidf
                0x0000000008000458                __aeabi_ul2d
                0x0000000008000468                __floatdidf
                0x0000000008000468                __aeabi_l2d
 .text          0x00000000080004c4       0x40 c:/st/stm32cubeide_1.7.0/stm32cubeide/plugins/com.st.stm32cube.ide.mcu.externaltools.gnu-tools-for-stm32.9-2020-q2-update.win32_2.0.0.202105311346/tools/bin/../lib/gcc/arm-none-eabi/9.3.1/thumb/v7-m/nofp\libgcc.a(_arm_fixunsdfsi.o)
                0x00000000080004c4                __aeabi_d2uiz
                0x00000000080004c4                __fixunsdfsi
 .text          0x0000000008000504       0xa0 c:/st/stm32cubeide_1.7.0/stm32cubeide/plugins/com.st.stm32cube.ide.mcu.externaltools.gnu-tools-for-stm32.9-2020-q2-update.win32_2.0.0.202105311346/tools/bin/../lib/gcc/arm-none-eabi/9.3.1/thumb/v7-m/nofp\libgcc.a(_arm_truncdfsf2.o)
                0x0000000008000504                __truncdfsf2
                0x0000000008000504                __aeabi_d2f
 .text          0x00000000080005a4      0x2a0 c:/st/stm32cubeide_1.7.0/stm32cubeide/plugins/com.st.stm32cube.ide.mcu.externaltools.gnu-tools-for-stm32.9-2020-q2-update.win32_2.0.0.202105311346/tools/bin/../lib/gcc/arm-none-eabi/9.3.1/thumb/v7-m/nofp\libgcc.a(_arm_muldivsf3.o)
                0x00000000080005a4                __mulsf3
                0x00000000080005a4                __aeabi_fmul
                0x000000000800070c                __aeabi_fdiv
                0x000000000800070c                __divsf3
 .text          0x0000000008000844       0xec c:/st/stm32cubeide_1.7.0/stm32cubeide/plugins/com.st.stm32cube.ide.mcu.externaltools.gnu-tools-for-stm32.9-2020-q2-update.win32_2.0.0.202105311346/tools/bin/../lib/gcc/arm-none-eabi/9.3.1/thumb/v7-m/nofp\libgcc.a(_arm_cmpsf2.o)
                0x0000000008000844                __gesf2
                0x0000000008000844                __gtsf2
                0x000000000800084c                __lesf2
                0x000000000800084c                __ltsf2
                0x0000000008000854                __nesf2
                0x0000000008000854                __eqsf2
                0x0000000008000854                __cmpsf2
                0x00000000080008b4                __aeabi_cfrcmple
                0x00000000080008bc                __aeabi_cfcmpeq
                0x00000000080008bc                __aeabi_cfcmple
                0x00000000080008cc                __aeabi_fcmpeq
                0x00000000080008e0                __aeabi_fcmplt
                0x00000000080008f4                __aeabi_fcmple
                0x0000000008000908                __aeabi_fcmpge
                0x000000000800091c                __aeabi_fcmpgt
 *(.text*)
 .text.HAL_Init
                0x0000000008000930       0x2c ./Drivers/STM32F1xx_HAL_Driver/Src/stm32f1xx_hal.o
                0x0000000008000930                HAL_Init
 .text.HAL_InitTick
                0x000000000800095c       0x60 ./Drivers/STM32F1xx_HAL_Driver/Src/stm32f1xx_hal.o
                0x000000000800095c                HAL_InitTick
 .text.HAL_IncTick
                0x00000000080009bc       0x24 ./Drivers/STM32F1xx_HAL_Driver/Src/stm32f1xx_hal.o
                0x00000000080009bc                HAL_IncTick
 .text.HAL_GetTick
                0x00000000080009e0       0x14 ./Drivers/STM32F1xx_HAL_Driver/Src/stm32f1xx_hal.o
                0x00000000080009e0                HAL_GetTick
 .text.HAL_ADC_Init
                0x00000000080009f4      0x1b0 ./Drivers/STM32F1xx_HAL_Driver/Src/stm32f1xx_hal_adc.o
                0x00000000080009f4                HAL_ADC_Init
 .text.HAL_ADC_IRQHandler
                0x0000000008000ba4      0x186 ./Drivers/STM32F1xx_HAL_Driver/Src/stm32f1xx_hal_adc.o
                0x0000000008000ba4                HAL_ADC_IRQHandler
 .text.HAL_ADC_ConvCpltCallback
                0x0000000008000d2a       0x12 ./Drivers/STM32F1xx_HAL_Driver/Src/stm32f1xx_hal_adc.o
                0x0000000008000d2a                HAL_ADC_ConvCpltCallback
 .text.HAL_ADC_LevelOutOfWindowCallback
                0x0000000008000d3c       0x12 ./Drivers/STM32F1xx_HAL_Driver/Src/stm32f1xx_hal_adc.o
                0x0000000008000d3c                HAL_ADC_LevelOutOfWindowCallback
 *fill*         0x0000000008000d4e        0x2 
 .text.HAL_ADC_ConfigChannel
                0x0000000008000d50      0x1f0 ./Drivers/STM32F1xx_HAL_Driver/Src/stm32f1xx_hal_adc.o
                0x0000000008000d50                HAL_ADC_ConfigChannel
 .text.HAL_ADC_AnalogWDGConfig
                0x0000000008000f40       0xac ./Drivers/STM32F1xx_HAL_Driver/Src/stm32f1xx_hal_adc.o
                0x0000000008000f40                HAL_ADC_AnalogWDGConfig
 .text.ADC_ConversionStop_Disable
                0x0000000008000fec       0x82 ./Drivers/STM32F1xx_HAL_Driver/Src/stm32f1xx_hal_adc.o
                0x0000000008000fec                ADC_ConversionStop_Disable
 .text.HAL_ADCEx_InjectedConvCpltCallback
                0x000000000800106e       0x12 ./Drivers/STM32F1xx_HAL_Driver/Src/stm32f1xx_hal_adc_ex.o
                0x000000000800106e                HAL_ADCEx_InjectedConvCpltCallback
 .text.__NVIC_SetPriorityGrouping
                0x0000000008001080       0x48 ./Drivers/STM32F1xx_HAL_Driver/Src/stm32f1xx_hal_cortex.o
 .text.__NVIC_GetPriorityGrouping
                0x00000000080010c8       0x1c ./Drivers/STM32F1xx_HAL_Driver/Src/stm32f1xx_hal_cortex.o
 .text.__NVIC_EnableIRQ
                0x00000000080010e4       0x38 ./Drivers/STM32F1xx_HAL_Driver/Src/stm32f1xx_hal_cortex.o
 .text.__NVIC_SetPriority
                0x000000000800111c       0x54 ./Drivers/STM32F1xx_HAL_Driver/Src/stm32f1xx_hal_cortex.o
 .text.NVIC_EncodePriority
                0x0000000008001170       0x64 ./Drivers/STM32F1xx_HAL_Driver/Src/stm32f1xx_hal_cortex.o
 .text.SysTick_Config
                0x00000000080011d4       0x44 ./Drivers/STM32F1xx_HAL_Driver/Src/stm32f1xx_hal_cortex.o
 .text.HAL_NVIC_SetPriorityGrouping
                0x0000000008001218       0x16 ./Drivers/STM32F1xx_HAL_Driver/Src/stm32f1xx_hal_cortex.o
                0x0000000008001218                HAL_NVIC_SetPriorityGrouping
 .text.HAL_NVIC_SetPriority
                0x000000000800122e       0x38 ./Drivers/STM32F1xx_HAL_Driver/Src/stm32f1xx_hal_cortex.o
                0x000000000800122e                HAL_NVIC_SetPriority
 .text.HAL_NVIC_EnableIRQ
                0x0000000008001266       0x1c ./Drivers/STM32F1xx_HAL_Driver/Src/stm32f1xx_hal_cortex.o
                0x0000000008001266                HAL_NVIC_EnableIRQ
 .text.HAL_SYSTICK_Config
                0x0000000008001282       0x18 ./Drivers/STM32F1xx_HAL_Driver/Src/stm32f1xx_hal_cortex.o
                0x0000000008001282                HAL_SYSTICK_Config
 *fill*         0x000000000800129a        0x2 
 .text.HAL_DMA_Init
                0x000000000800129c       0xb4 ./Drivers/STM32F1xx_HAL_Driver/Src/stm32f1xx_hal_dma.o
                0x000000000800129c                HAL_DMA_Init
 .text.HAL_DMA_IRQHandler
                0x0000000008001350      0x20c ./Drivers/STM32F1xx_HAL_Driver/Src/stm32f1xx_hal_dma.o
                0x0000000008001350                HAL_DMA_IRQHandler
 .text.HAL_GPIO_Init
                0x000000000800155c      0x308 ./Drivers/STM32F1xx_HAL_Driver/Src/stm32f1xx_hal_gpio.o
                0x000000000800155c                HAL_GPIO_Init
 .text.HAL_GPIO_WritePin
                0x0000000008001864       0x30 ./Drivers/STM32F1xx_HAL_Driver/Src/stm32f1xx_hal_gpio.o
                0x0000000008001864                HAL_GPIO_WritePin
 .text.HAL_PCD_Init
                0x0000000008001894      0x216 ./Drivers/STM32F1xx_HAL_Driver/Src/stm32f1xx_hal_pcd.o
                0x0000000008001894                HAL_PCD_Init
 .text.HAL_PCD_Start
                0x0000000008001aaa       0x4c ./Drivers/STM32F1xx_HAL_Driver/Src/stm32f1xx_hal_pcd.o
                0x0000000008001aaa                HAL_PCD_Start
 .text.HAL_PCD_IRQHandler
                0x0000000008001af6      0x2aa ./Drivers/STM32F1xx_HAL_Driver/Src/stm32f1xx_hal_pcd.o
                0x0000000008001af6                HAL_PCD_IRQHandler
 .text.HAL_PCD_SetAddress
                0x0000000008001da0       0x4a ./Drivers/STM32F1xx_HAL_Driver/Src/stm32f1xx_hal_pcd.o
                0x0000000008001da0                HAL_PCD_SetAddress
 .text.HAL_PCD_EP_Open
                0x0000000008001dea       0xcc ./Drivers/STM32F1xx_HAL_Driver/Src/stm32f1xx_hal_pcd.o
                0x0000000008001dea                HAL_PCD_EP_Open
 .text.HAL_PCD_EP_Close
                0x0000000008001eb6       0x90 ./Drivers/STM32F1xx_HAL_Driver/Src/stm32f1xx_hal_pcd.o
                0x0000000008001eb6                HAL_PCD_EP_Close
 .text.HAL_PCD_EP_Receive
                0x0000000008001f46       0x7a ./Drivers/STM32F1xx_HAL_Driver/Src/stm32f1xx_hal_pcd.o
                0x0000000008001f46                HAL_PCD_EP_Receive
 .text.HAL_PCD_EP_GetRxCount
                0x0000000008001fc0       0x2e ./Drivers/STM32F1xx_HAL_Driver/Src/stm32f1xx_hal_pcd.o
                0x0000000008001fc0                HAL_PCD_EP_GetRxCount
 .text.HAL_PCD_EP_Transmit
                0x0000000008001fee       0x86 ./Drivers/STM32F1xx_HAL_Driver/Src/stm32f1xx_hal_pcd.o
                0x0000000008001fee                HAL_PCD_EP_Transmit
 .text.HAL_PCD_EP_SetStall
                0x0000000008002074       0xc0 ./Drivers/STM32F1xx_HAL_Driver/Src/stm32f1xx_hal_pcd.o
                0x0000000008002074                HAL_PCD_EP_SetStall
 .text.HAL_PCD_EP_ClrStall
                0x0000000008002134       0xa8 ./Drivers/STM32F1xx_HAL_Driver/Src/stm32f1xx_hal_pcd.o
                0x0000000008002134                HAL_PCD_EP_ClrStall
 .text.PCD_EP_ISR_Handler
                0x00000000080021dc      0x600 ./Drivers/STM32F1xx_HAL_Driver/Src/stm32f1xx_hal_pcd.o
 .text.HAL_PCD_EP_DB_Receive
                0x00000000080027dc      0x21a ./Drivers/STM32F1xx_HAL_Driver/Src/stm32f1xx_hal_pcd.o
 .text.HAL_PCD_EP_DB_Transmit
                0x00000000080029f6      0x7a4 ./Drivers/STM32F1xx_HAL_Driver/Src/stm32f1xx_hal_pcd.o
 .text.HAL_PCDEx_PMAConfig
                0x000000000800319a       0x84 ./Drivers/STM32F1xx_HAL_Driver/Src/stm32f1xx_hal_pcd_ex.o
                0x000000000800319a                HAL_PCDEx_PMAConfig
 *fill*         0x000000000800321e        0x2 
 .text.HAL_RCC_OscConfig
                0x0000000008003220      0x500 ./Drivers/STM32F1xx_HAL_Driver/Src/stm32f1xx_hal_rcc.o
                0x0000000008003220                HAL_RCC_OscConfig
 .text.HAL_RCC_ClockConfig
                0x0000000008003720      0x1d4 ./Drivers/STM32F1xx_HAL_Driver/Src/stm32f1xx_hal_rcc.o
                0x0000000008003720                HAL_RCC_ClockConfig
 .text.HAL_RCC_GetSysClockFreq
                0x00000000080038f4       0xc0 ./Drivers/STM32F1xx_HAL_Driver/Src/stm32f1xx_hal_rcc.o
                0x00000000080038f4                HAL_RCC_GetSysClockFreq
 .text.RCC_Delay
                0x00000000080039b4       0x3c ./Drivers/STM32F1xx_HAL_Driver/Src/stm32f1xx_hal_rcc.o
 .text.HAL_RCCEx_PeriphCLKConfig
                0x00000000080039f0      0x16c ./Drivers/STM32F1xx_HAL_Driver/Src/stm32f1xx_hal_rcc_ex.o
                0x00000000080039f0                HAL_RCCEx_PeriphCLKConfig
 .text.HAL_TIM_Base_Init
                0x0000000008003b5c       0x9e ./Drivers/STM32F1xx_HAL_Driver/Src/stm32f1xx_hal_tim.o
                0x0000000008003b5c                HAL_TIM_Base_Init
 .text.HAL_TIM_PWM_Init
                0x0000000008003bfa       0x9e ./Drivers/STM32F1xx_HAL_Driver/Src/stm32f1xx_hal_tim.o
                0x0000000008003bfa                HAL_TIM_PWM_Init
 .text.HAL_TIM_PWM_MspInit
                0x0000000008003c98       0x12 ./Drivers/STM32F1xx_HAL_Driver/Src/stm32f1xx_hal_tim.o
                0x0000000008003c98                HAL_TIM_PWM_MspInit
 *fill*         0x0000000008003caa        0x2 
 .text.HAL_TIM_PWM_Start
                0x0000000008003cac      0x144 ./Drivers/STM32F1xx_HAL_Driver/Src/stm32f1xx_hal_tim.o
                0x0000000008003cac                HAL_TIM_PWM_Start
 .text.HAL_TIM_Encoder_Init
                0x0000000008003df0      0x144 ./Drivers/STM32F1xx_HAL_Driver/Src/stm32f1xx_hal_tim.o
                0x0000000008003df0                HAL_TIM_Encoder_Init
 .text.HAL_TIM_Encoder_Start
                0x0000000008003f34      0x11c ./Drivers/STM32F1xx_HAL_Driver/Src/stm32f1xx_hal_tim.o
                0x0000000008003f34                HAL_TIM_Encoder_Start
 .text.HAL_TIM_PWM_ConfigChannel
                0x0000000008004050      0x17c ./Drivers/STM32F1xx_HAL_Driver/Src/stm32f1xx_hal_tim.o
                0x0000000008004050                HAL_TIM_PWM_ConfigChannel
 .text.HAL_TIM_ConfigClockSource
                0x00000000080041cc      0x188 ./Drivers/STM32F1xx_HAL_Driver/Src/stm32f1xx_hal_tim.o
                0x00000000080041cc                HAL_TIM_ConfigClockSource
 .text.TIM_Base_SetConfig
                0x0000000008004354       0xc4 ./Drivers/STM32F1xx_HAL_Driver/Src/stm32f1xx_hal_tim.o
                0x0000000008004354                TIM_Base_SetConfig
 .text.TIM_OC1_SetConfig
                0x0000000008004418       0xcc ./Drivers/STM32F1xx_HAL_Driver/Src/stm32f1xx_hal_tim.o
 .text.TIM_OC2_SetConfig
                0x00000000080044e4       0xd4 ./Drivers/STM32F1xx_HAL_Driver/Src/stm32f1xx_hal_tim.o
                0x00000000080044e4                TIM_OC2_SetConfig
 .text.TIM_OC3_SetConfig
                0x00000000080045b8       0xd4 ./Drivers/STM32F1xx_HAL_Driver/Src/stm32f1xx_hal_tim.o
 .text.TIM_OC4_SetConfig
                0x000000000800468c       0x9c ./Drivers/STM32F1xx_HAL_Driver/Src/stm32f1xx_hal_tim.o
 .text.TIM_TI1_ConfigInputStage
                0x0000000008004728       0x5c ./Drivers/STM32F1xx_HAL_Driver/Src/stm32f1xx_hal_tim.o
 .text.TIM_TI2_ConfigInputStage
                0x0000000008004784       0x5e ./Drivers/STM32F1xx_HAL_Driver/Src/stm32f1xx_hal_tim.o
 .text.TIM_ITRx_SetConfig
                0x00000000080047e2       0x34 ./Drivers/STM32F1xx_HAL_Driver/Src/stm32f1xx_hal_tim.o
 .text.TIM_ETR_SetConfig
                0x0000000008004816       0x3e ./Drivers/STM32F1xx_HAL_Driver/Src/stm32f1xx_hal_tim.o
                0x0000000008004816                TIM_ETR_SetConfig
 .text.TIM_CCxChannelCmd
                0x0000000008004854       0x48 ./Drivers/STM32F1xx_HAL_Driver/Src/stm32f1xx_hal_tim.o
                0x0000000008004854                TIM_CCxChannelCmd
 .text.HAL_TIMEx_MasterConfigSynchronization
                0x000000000800489c       0xbc ./Drivers/STM32F1xx_HAL_Driver/Src/stm32f1xx_hal_tim_ex.o
                0x000000000800489c                HAL_TIMEx_MasterConfigSynchronization
 .text.HAL_TIMEx_ConfigBreakDeadTime
                0x0000000008004958       0xa2 ./Drivers/STM32F1xx_HAL_Driver/Src/stm32f1xx_hal_tim_ex.o
                0x0000000008004958                HAL_TIMEx_ConfigBreakDeadTime
 .text.USB_CoreInit
                0x00000000080049fa       0x20 ./Drivers/STM32F1xx_HAL_Driver/Src/stm32f1xx_ll_usb.o
                0x00000000080049fa                USB_CoreInit
 .text.USB_EnableGlobalInt
                0x0000000008004a1a       0x2c ./Drivers/STM32F1xx_HAL_Driver/Src/stm32f1xx_ll_usb.o
                0x0000000008004a1a                USB_EnableGlobalInt
 .text.USB_DisableGlobalInt
                0x0000000008004a46       0x34 ./Drivers/STM32F1xx_HAL_Driver/Src/stm32f1xx_ll_usb.o
                0x0000000008004a46                USB_DisableGlobalInt
 .text.USB_SetCurrentMode
                0x0000000008004a7a       0x18 ./Drivers/STM32F1xx_HAL_Driver/Src/stm32f1xx_ll_usb.o
                0x0000000008004a7a                USB_SetCurrentMode
 .text.USB_DevInit
                0x0000000008004a92       0x40 ./Drivers/STM32F1xx_HAL_Driver/Src/stm32f1xx_ll_usb.o
                0x0000000008004a92                USB_DevInit
 *fill*         0x0000000008004ad2        0x2 
 .text.USB_ActivateEndpoint
                0x0000000008004ad4      0x6d4 ./Drivers/STM32F1xx_HAL_Driver/Src/stm32f1xx_ll_usb.o
                0x0000000008004ad4                USB_ActivateEndpoint
 .text.USB_DeactivateEndpoint
                0x00000000080051a8      0x3d8 ./Drivers/STM32F1xx_HAL_Driver/Src/stm32f1xx_ll_usb.o
                0x00000000080051a8                USB_DeactivateEndpoint
 .text.USB_EPStartXfer
                0x0000000008005580     0x15ee ./Drivers/STM32F1xx_HAL_Driver/Src/stm32f1xx_ll_usb.o
                0x0000000008005580                USB_EPStartXfer
 .text.USB_EPSetStall
                0x0000000008006b6e       0xa0 ./Drivers/STM32F1xx_HAL_Driver/Src/stm32f1xx_ll_usb.o
                0x0000000008006b6e                USB_EPSetStall
 .text.USB_EPClearStall
                0x0000000008006c0e      0x15a ./Drivers/STM32F1xx_HAL_Driver/Src/stm32f1xx_ll_usb.o
                0x0000000008006c0e                USB_EPClearStall
 .text.USB_SetDevAddress
                0x0000000008006d68       0x26 ./Drivers/STM32F1xx_HAL_Driver/Src/stm32f1xx_ll_usb.o
                0x0000000008006d68                USB_SetDevAddress
 .text.USB_DevConnect
                0x0000000008006d8e       0x14 ./Drivers/STM32F1xx_HAL_Driver/Src/stm32f1xx_ll_usb.o
                0x0000000008006d8e                USB_DevConnect
 .text.USB_DevDisconnect
                0x0000000008006da2       0x14 ./Drivers/STM32F1xx_HAL_Driver/Src/stm32f1xx_ll_usb.o
                0x0000000008006da2                USB_DevDisconnect
 .text.USB_ReadInterrupts
                0x0000000008006db6       0x1e ./Drivers/STM32F1xx_HAL_Driver/Src/stm32f1xx_ll_usb.o
                0x0000000008006db6                USB_ReadInterrupts
 .text.USB_EP0_OutStart
                0x0000000008006dd4       0x16 ./Drivers/STM32F1xx_HAL_Driver/Src/stm32f1xx_ll_usb.o
                0x0000000008006dd4                USB_EP0_OutStart
 .text.USB_WritePMA
                0x0000000008006dea       0x8a ./Drivers/STM32F1xx_HAL_Driver/Src/stm32f1xx_ll_usb.o
                0x0000000008006dea                USB_WritePMA
 .text.USB_ReadPMA
                0x0000000008006e74       0x9e ./Drivers/STM32F1xx_HAL_Driver/Src/stm32f1xx_ll_usb.o
                0x0000000008006e74                USB_ReadPMA
 .text.USBD_CDC_Init
                0x0000000008006f12       0xf4 ./Middlewares/ST/STM32_USB_Device_Library/Class/CDC/Src/usbd_cdc.o
 .text.USBD_CDC_DeInit
                0x0000000008007006       0x6e ./Middlewares/ST/STM32_USB_Device_Library/Class/CDC/Src/usbd_cdc.o
 .text.USBD_CDC_Setup
                0x0000000008007074      0x146 ./Middlewares/ST/STM32_USB_Device_Library/Class/CDC/Src/usbd_cdc.o
 .text.USBD_CDC_DataIn
                0x00000000080071ba       0xa6 ./Middlewares/ST/STM32_USB_Device_Library/Class/CDC/Src/usbd_cdc.o
 .text.USBD_CDC_DataOut
                0x0000000008007260       0x56 ./Middlewares/ST/STM32_USB_Device_Library/Class/CDC/Src/usbd_cdc.o
 .text.USBD_CDC_EP0_RxReady
                0x00000000080072b6       0x50 ./Middlewares/ST/STM32_USB_Device_Library/Class/CDC/Src/usbd_cdc.o
 *fill*         0x0000000008007306        0x2 
 .text.USBD_CDC_GetFSCfgDesc
                0x0000000008007308       0x20 ./Middlewares/ST/STM32_USB_Device_Library/Class/CDC/Src/usbd_cdc.o
 .text.USBD_CDC_GetHSCfgDesc
                0x0000000008007328       0x20 ./Middlewares/ST/STM32_USB_Device_Library/Class/CDC/Src/usbd_cdc.o
 .text.USBD_CDC_GetOtherSpeedCfgDesc
                0x0000000008007348       0x20 ./Middlewares/ST/STM32_USB_Device_Library/Class/CDC/Src/usbd_cdc.o
 .text.USBD_CDC_GetDeviceQualifierDescriptor
                0x0000000008007368       0x20 ./Middlewares/ST/STM32_USB_Device_Library/Class/CDC/Src/usbd_cdc.o
                0x0000000008007368                USBD_CDC_GetDeviceQualifierDescriptor
 .text.USBD_CDC_RegisterInterface
                0x0000000008007388       0x2c ./Middlewares/ST/STM32_USB_Device_Library/Class/CDC/Src/usbd_cdc.o
                0x0000000008007388                USBD_CDC_RegisterInterface
 .text.USBD_CDC_SetTxBuffer
                0x00000000080073b4       0x32 ./Middlewares/ST/STM32_USB_Device_Library/Class/CDC/Src/usbd_cdc.o
                0x00000000080073b4                USBD_CDC_SetTxBuffer
 .text.USBD_CDC_SetRxBuffer
                0x00000000080073e6       0x26 ./Middlewares/ST/STM32_USB_Device_Library/Class/CDC/Src/usbd_cdc.o
                0x00000000080073e6                USBD_CDC_SetRxBuffer
 .text.USBD_CDC_ReceivePacket
                0x000000000800740c       0x54 ./Middlewares/ST/STM32_USB_Device_Library/Class/CDC/Src/usbd_cdc.o
                0x000000000800740c                USBD_CDC_ReceivePacket
 .text.USBD_Init
                0x0000000008007460       0x56 ./Middlewares/ST/STM32_USB_Device_Library/Core/Src/usbd_core.o
                0x0000000008007460                USBD_Init
 .text.USBD_RegisterClass
                0x00000000080074b6       0x32 ./Middlewares/ST/STM32_USB_Device_Library/Core/Src/usbd_core.o
                0x00000000080074b6                USBD_RegisterClass
 .text.USBD_Start
                0x00000000080074e8       0x18 ./Middlewares/ST/STM32_USB_Device_Library/Core/Src/usbd_core.o
                0x00000000080074e8                USBD_Start
 .text.USBD_RunTestMode
                0x0000000008007500       0x14 ./Middlewares/ST/STM32_USB_Device_Library/Core/Src/usbd_core.o
                0x0000000008007500                USBD_RunTestMode
 .text.USBD_SetClassConfig
                0x0000000008007514       0x3e ./Middlewares/ST/STM32_USB_Device_Library/Core/Src/usbd_core.o
                0x0000000008007514                USBD_SetClassConfig
 .text.USBD_ClrClassConfig
                0x0000000008007552       0x26 ./Middlewares/ST/STM32_USB_Device_Library/Core/Src/usbd_core.o
                0x0000000008007552                USBD_ClrClassConfig
 .text.USBD_LL_SetupStage
                0x0000000008007578       0x9a ./Middlewares/ST/STM32_USB_Device_Library/Core/Src/usbd_core.o
                0x0000000008007578                USBD_LL_SetupStage
 .text.USBD_LL_DataOutStage
                0x0000000008007612       0xe2 ./Middlewares/ST/STM32_USB_Device_Library/Core/Src/usbd_core.o
                0x0000000008007612                USBD_LL_DataOutStage
 .text.USBD_LL_DataInStage
                0x00000000080076f4      0x14a ./Middlewares/ST/STM32_USB_Device_Library/Core/Src/usbd_core.o
                0x00000000080076f4                USBD_LL_DataInStage
 .text.USBD_LL_Reset
                0x000000000800783e       0x82 ./Middlewares/ST/STM32_USB_Device_Library/Core/Src/usbd_core.o
                0x000000000800783e                USBD_LL_Reset
 .text.USBD_LL_SetSpeed
                0x00000000080078c0       0x1e ./Middlewares/ST/STM32_USB_Device_Library/Core/Src/usbd_core.o
                0x00000000080078c0                USBD_LL_SetSpeed
 .text.USBD_LL_Suspend
                0x00000000080078de       0x28 ./Middlewares/ST/STM32_USB_Device_Library/Core/Src/usbd_core.o
                0x00000000080078de                USBD_LL_Suspend
 .text.USBD_LL_Resume
                0x0000000008007906       0x2a ./Middlewares/ST/STM32_USB_Device_Library/Core/Src/usbd_core.o
                0x0000000008007906                USBD_LL_Resume
 .text.USBD_LL_SOF
                0x0000000008007930       0x34 ./Middlewares/ST/STM32_USB_Device_Library/Core/Src/usbd_core.o
                0x0000000008007930                USBD_LL_SOF
 .text.USBD_StdDevReq
                0x0000000008007964       0xd4 ./Middlewares/ST/STM32_USB_Device_Library/Core/Src/usbd_ctlreq.o
                0x0000000008007964                USBD_StdDevReq
 .text.USBD_StdItfReq
                0x0000000008007a38       0x90 ./Middlewares/ST/STM32_USB_Device_Library/Core/Src/usbd_ctlreq.o
                0x0000000008007a38                USBD_StdItfReq
 .text.USBD_StdEPReq
                0x0000000008007ac8      0x2c6 ./Middlewares/ST/STM32_USB_Device_Library/Core/Src/usbd_ctlreq.o
                0x0000000008007ac8                USBD_StdEPReq
 *fill*         0x0000000008007d8e        0x2 
 .text.USBD_GetDescriptor
                0x0000000008007d90      0x2d0 ./Middlewares/ST/STM32_USB_Device_Library/Core/Src/usbd_ctlreq.o
 .text.USBD_SetAddress
                0x0000000008008060       0x86 ./Middlewares/ST/STM32_USB_Device_Library/Core/Src/usbd_ctlreq.o
 *fill*         0x00000000080080e6        0x2 
 .text.USBD_SetConfig
                0x00000000080080e8      0x11c ./Middlewares/ST/STM32_USB_Device_Library/Core/Src/usbd_ctlreq.o
 .text.USBD_GetConfig
                0x0000000008008204       0x6a ./Middlewares/ST/STM32_USB_Device_Library/Core/Src/usbd_ctlreq.o
 .text.USBD_GetStatus
                0x000000000800826e       0x66 ./Middlewares/ST/STM32_USB_Device_Library/Core/Src/usbd_ctlreq.o
 .text.USBD_SetFeature
                0x00000000080082d4       0x28 ./Middlewares/ST/STM32_USB_Device_Library/Core/Src/usbd_ctlreq.o
 .text.USBD_ClrFeature
                0x00000000080082fc       0x42 ./Middlewares/ST/STM32_USB_Device_Library/Core/Src/usbd_ctlreq.o
 .text.USBD_ParseSetupRequest
                0x000000000800833e       0x78 ./Middlewares/ST/STM32_USB_Device_Library/Core/Src/usbd_ctlreq.o
                0x000000000800833e                USBD_ParseSetupRequest
 .text.USBD_CtlError
                0x00000000080083b6       0x22 ./Middlewares/ST/STM32_USB_Device_Library/Core/Src/usbd_ctlreq.o
                0x00000000080083b6                USBD_CtlError
 .text.USBD_GetString
                0x00000000080083d8       0x84 ./Middlewares/ST/STM32_USB_Device_Library/Core/Src/usbd_ctlreq.o
                0x00000000080083d8                USBD_GetString
 .text.USBD_GetLen
                0x000000000800845c       0x2e ./Middlewares/ST/STM32_USB_Device_Library/Core/Src/usbd_ctlreq.o
 .text.USBD_CtlSendData
                0x000000000800848a       0x38 ./Middlewares/ST/STM32_USB_Device_Library/Core/Src/usbd_ioreq.o
                0x000000000800848a                USBD_CtlSendData
 .text.USBD_CtlContinueSendData
                0x00000000080084c2       0x24 ./Middlewares/ST/STM32_USB_Device_Library/Core/Src/usbd_ioreq.o
                0x00000000080084c2                USBD_CtlContinueSendData
 .text.USBD_CtlPrepareRx
                0x00000000080084e6       0x3c ./Middlewares/ST/STM32_USB_Device_Library/Core/Src/usbd_ioreq.o
                0x00000000080084e6                USBD_CtlPrepareRx
 .text.USBD_CtlContinueRx
                0x0000000008008522       0x24 ./Middlewares/ST/STM32_USB_Device_Library/Core/Src/usbd_ioreq.o
                0x0000000008008522                USBD_CtlContinueRx
 .text.USBD_CtlSendStatus
                0x0000000008008546       0x26 ./Middlewares/ST/STM32_USB_Device_Library/Core/Src/usbd_ioreq.o
                0x0000000008008546                USBD_CtlSendStatus
 .text.USBD_CtlReceiveStatus
                0x000000000800856c       0x26 ./Middlewares/ST/STM32_USB_Device_Library/Core/Src/usbd_ioreq.o
                0x000000000800856c                USBD_CtlReceiveStatus
 *fill*         0x0000000008008592        0x2 
 .text.main     0x0000000008008594       0xec ./Src/main.o
                0x0000000008008594                main
 .text.SystemClock_Config
                0x0000000008008680       0xba ./Src/main.o
                0x0000000008008680                SystemClock_Config
 *fill*         0x000000000800873a        0x2 
 .text.MX_ADC1_Init
                0x000000000800873c       0xf4 ./Src/main.o
 .text.MX_TIM1_Init
                0x0000000008008830      0x15c ./Src/main.o
 .text.MX_TIM2_Init
                0x000000000800898c       0xa8 ./Src/main.o
 .text.MX_DMA_Init
                0x0000000008008a34       0x3c ./Src/main.o
 .text.MX_GPIO_Init
                0x0000000008008a70       0x7c ./Src/main.o
 .text.pwmSendOut
                0x0000000008008aec       0x54 ./Src/main.o
                0x0000000008008aec                pwmSendOut
 .text.Error_Handler
                0x0000000008008b40        0xc ./Src/main.o
                0x0000000008008b40                Error_Handler
 .text.PIDInit  0x0000000008008b4c       0x88 ./Src/pid_controller.o
                0x0000000008008b4c                PIDInit
 .text.PIDOutputLimitsSet
                0x0000000008008bd4       0xa2 ./Src/pid_controller.o
                0x0000000008008bd4                PIDOutputLimitsSet
 .text.PIDTuningsSet
                0x0000000008008c76       0xb6 ./Src/pid_controller.o
                0x0000000008008c76                PIDTuningsSet
 .text.HAL_MspInit
                0x0000000008008d2c       0x64 ./Src/stm32f1xx_hal_msp.o
                0x0000000008008d2c                HAL_MspInit
 .text.HAL_ADC_MspInit
                0x0000000008008d90       0xe4 ./Src/stm32f1xx_hal_msp.o
                0x0000000008008d90                HAL_ADC_MspInit
 .text.HAL_TIM_Base_MspInit
                0x0000000008008e74       0x3c ./Src/stm32f1xx_hal_msp.o
                0x0000000008008e74                HAL_TIM_Base_MspInit
 .text.HAL_TIM_Encoder_MspInit
                0x0000000008008eb0       0x78 ./Src/stm32f1xx_hal_msp.o
                0x0000000008008eb0                HAL_TIM_Encoder_MspInit
 .text.HAL_TIM_MspPostInit
                0x0000000008008f28       0x68 ./Src/stm32f1xx_hal_msp.o
                0x0000000008008f28                HAL_TIM_MspPostInit
 .text.NMI_Handler
                0x0000000008008f90        0xc ./Src/stm32f1xx_it.o
                0x0000000008008f90                NMI_Handler
 .text.HardFault_Handler
                0x0000000008008f9c        0x6 ./Src/stm32f1xx_it.o
                0x0000000008008f9c                HardFault_Handler
 .text.MemManage_Handler
                0x0000000008008fa2        0x6 ./Src/stm32f1xx_it.o
                0x0000000008008fa2                MemManage_Handler
 .text.BusFault_Handler
                0x0000000008008fa8        0x6 ./Src/stm32f1xx_it.o
                0x0000000008008fa8                BusFault_Handler
 .text.UsageFault_Handler
                0x0000000008008fae        0x6 ./Src/stm32f1xx_it.o
                0x0000000008008fae                UsageFault_Handler
 .text.SVC_Handler
                0x0000000008008fb4        0xc ./Src/stm32f1xx_it.o
                0x0000000008008fb4                SVC_Handler
 .text.DebugMon_Handler
                0x0000000008008fc0        0xc ./Src/stm32f1xx_it.o
                0x0000000008008fc0                DebugMon_Handler
 .text.PendSV_Handler
                0x0000000008008fcc        0xc ./Src/stm32f1xx_it.o
                0x0000000008008fcc                PendSV_Handler
 .text.SysTick_Handler
                0x0000000008008fd8        0xc ./Src/stm32f1xx_it.o
                0x0000000008008fd8                SysTick_Handler
 .text.DMA1_Channel1_IRQHandler
                0x0000000008008fe4       0x14 ./Src/stm32f1xx_it.o
                0x0000000008008fe4                DMA1_Channel1_IRQHandler
 .text.ADC1_2_IRQHandler
                0x0000000008008ff8       0x14 ./Src/stm32f1xx_it.o
                0x0000000008008ff8                ADC1_2_IRQHandler
 .text.USB_LP_CAN1_RX0_IRQHandler
                0x000000000800900c       0x14 ./Src/stm32f1xx_it.o
                0x000000000800900c                USB_LP_CAN1_RX0_IRQHandler
 .text.SystemInit
                0x0000000008009020       0x68 ./Src/system_stm32f1xx.o
                0x0000000008009020                SystemInit
 .text.MX_USB_DEVICE_Init
                0x0000000008009088       0x60 ./Src/usb_device.o
                0x0000000008009088                MX_USB_DEVICE_Init
 .text.CDC_Init_FS
                0x00000000080090e8       0x28 ./Src/usbd_cdc_if.o
 .text.CDC_DeInit_FS
                0x0000000008009110        0xe ./Src/usbd_cdc_if.o
 *fill*         0x000000000800911e        0x2 
 .text.CDC_Control_FS
                0x0000000008009120       0xbc ./Src/usbd_cdc_if.o
 .text.CDC_Receive_FS
                0x00000000080091dc       0x28 ./Src/usbd_cdc_if.o
 .text.HAL_PCD_MspInit
                0x0000000008009204       0x4c ./Src/usbd_conf.o
                0x0000000008009204                HAL_PCD_MspInit
 .text.HAL_PCD_SetupStageCallback
                0x0000000008009250       0x24 ./Src/usbd_conf.o
                0x0000000008009250                HAL_PCD_SetupStageCallback
 .text.HAL_PCD_DataOutStageCallback
                0x0000000008009274       0x36 ./Src/usbd_conf.o
                0x0000000008009274                HAL_PCD_DataOutStageCallback
 .text.HAL_PCD_DataInStageCallback
                0x00000000080092aa       0x34 ./Src/usbd_conf.o
                0x00000000080092aa                HAL_PCD_DataInStageCallback
 .text.HAL_PCD_SOFCallback
                0x00000000080092de       0x1c ./Src/usbd_conf.o
                0x00000000080092de                HAL_PCD_SOFCallback
 .text.HAL_PCD_ResetCallback
                0x00000000080092fa       0x3c ./Src/usbd_conf.o
                0x00000000080092fa                HAL_PCD_ResetCallback
 *fill*         0x0000000008009336        0x2 
 .text.HAL_PCD_SuspendCallback
                0x0000000008009338       0x34 ./Src/usbd_conf.o
                0x0000000008009338                HAL_PCD_SuspendCallback
 .text.HAL_PCD_ResumeCallback
                0x000000000800936c       0x1c ./Src/usbd_conf.o
                0x000000000800936c                HAL_PCD_ResumeCallback
 .text.USBD_LL_Init
                0x0000000008009388       0xb4 ./Src/usbd_conf.o
                0x0000000008009388                USBD_LL_Init
 .text.USBD_LL_Start
                0x000000000800943c       0x36 ./Src/usbd_conf.o
                0x000000000800943c                USBD_LL_Start
 .text.USBD_LL_OpenEP
                0x0000000008009472       0x4c ./Src/usbd_conf.o
                0x0000000008009472                USBD_LL_OpenEP
 .text.USBD_LL_CloseEP
                0x00000000080094be       0x3e ./Src/usbd_conf.o
                0x00000000080094be                USBD_LL_CloseEP
 .text.USBD_LL_StallEP
                0x00000000080094fc       0x3e ./Src/usbd_conf.o
                0x00000000080094fc                USBD_LL_StallEP
 .text.USBD_LL_ClearStallEP
                0x000000000800953a       0x3e ./Src/usbd_conf.o
                0x000000000800953a                USBD_LL_ClearStallEP
 .text.USBD_LL_IsStallEP
                0x0000000008009578       0x58 ./Src/usbd_conf.o
                0x0000000008009578                USBD_LL_IsStallEP
 .text.USBD_LL_SetUSBAddress
                0x00000000080095d0       0x3e ./Src/usbd_conf.o
                0x00000000080095d0                USBD_LL_SetUSBAddress
 .text.USBD_LL_Transmit
                0x000000000800960e       0x46 ./Src/usbd_conf.o
                0x000000000800960e                USBD_LL_Transmit
 .text.USBD_LL_PrepareReceive
                0x0000000008009654       0x46 ./Src/usbd_conf.o
                0x0000000008009654                USBD_LL_PrepareReceive
 .text.USBD_LL_GetRxDataSize
                0x000000000800969a       0x26 ./Src/usbd_conf.o
                0x000000000800969a                USBD_LL_GetRxDataSize
 .text.USBD_static_malloc
                0x00000000080096c0       0x18 ./Src/usbd_conf.o
                0x00000000080096c0                USBD_static_malloc
 .text.USBD_static_free
                0x00000000080096d8       0x12 ./Src/usbd_conf.o
                0x00000000080096d8                USBD_static_free
 .text.HAL_PCDEx_SetConnectionState
                0x00000000080096ea       0x16 ./Src/usbd_conf.o
                0x00000000080096ea                HAL_PCDEx_SetConnectionState
 .text.USBD_Get_USB_Status
                0x0000000008009700       0x58 ./Src/usbd_conf.o
 .text.USBD_FS_DeviceDescriptor
                0x0000000008009758       0x24 ./Src/usbd_desc.o
                0x0000000008009758                USBD_FS_DeviceDescriptor
 .text.USBD_FS_LangIDStrDescriptor
                0x000000000800977c       0x24 ./Src/usbd_desc.o
                0x000000000800977c                USBD_FS_LangIDStrDescriptor
 .text.USBD_FS_ProductStrDescriptor
                0x00000000080097a0       0x3c ./Src/usbd_desc.o
                0x00000000080097a0                USBD_FS_ProductStrDescriptor
 .text.USBD_FS_ManufacturerStrDescriptor
                0x00000000080097dc       0x28 ./Src/usbd_desc.o
                0x00000000080097dc                USBD_FS_ManufacturerStrDescriptor
 .text.USBD_FS_SerialStrDescriptor
                0x0000000008009804       0x24 ./Src/usbd_desc.o
                0x0000000008009804                USBD_FS_SerialStrDescriptor
 .text.USBD_FS_ConfigStrDescriptor
                0x0000000008009828       0x3c ./Src/usbd_desc.o
                0x0000000008009828                USBD_FS_ConfigStrDescriptor
 .text.USBD_FS_InterfaceStrDescriptor
                0x0000000008009864       0x3c ./Src/usbd_desc.o
                0x0000000008009864                USBD_FS_InterfaceStrDescriptor
 .text.Get_SerialNum
                0x00000000080098a0       0x58 ./Src/usbd_desc.o
 .text.IntToUnicode
                0x00000000080098f8       0x7c ./Src/usbd_desc.o
 .text.Reset_Handler
                0x0000000008009974       0x48 ./Startup/startup_stm32f103c8tx.o
                0x0000000008009974                Reset_Handler
 .text.Default_Handler
                0x00000000080099bc        0x2 ./Startup/startup_stm32f103c8tx.o
                0x00000000080099bc                RTC_Alarm_IRQHandler
                0x00000000080099bc                EXTI2_IRQHandler
                0x00000000080099bc                TIM1_CC_IRQHandler
                0x00000000080099bc                PVD_IRQHandler
                0x00000000080099bc                EXTI3_IRQHandler
                0x00000000080099bc                EXTI0_IRQHandler
                0x00000000080099bc                I2C2_EV_IRQHandler
                0x00000000080099bc                SPI1_IRQHandler
                0x00000000080099bc                TAMPER_IRQHandler
                0x00000000080099bc                DMA1_Channel4_IRQHandler
                0x00000000080099bc                USART3_IRQHandler
                0x00000000080099bc                RTC_IRQHandler
                0x00000000080099bc                DMA1_Channel7_IRQHandler
                0x00000000080099bc                CAN1_RX1_IRQHandler
                0x00000000080099bc                TIM4_IRQHandler
                0x00000000080099bc                I2C1_EV_IRQHandler
                0x00000000080099bc                DMA1_Channel6_IRQHandler
                0x00000000080099bc                TIM3_IRQHandler
                0x00000000080099bc                RCC_IRQHandler
                0x00000000080099bc                TIM1_TRG_COM_IRQHandler
                0x00000000080099bc                Default_Handler
                0x00000000080099bc                EXTI15_10_IRQHandler
                0x00000000080099bc                EXTI9_5_IRQHandler
                0x00000000080099bc                SPI2_IRQHandler
                0x00000000080099bc                DMA1_Channel5_IRQHandler
                0x00000000080099bc                EXTI4_IRQHandler
                0x00000000080099bc                USB_HP_CAN1_TX_IRQHandler
                0x00000000080099bc                DMA1_Channel3_IRQHandler
                0x00000000080099bc                TIM1_UP_IRQHandler
                0x00000000080099bc                WWDG_IRQHandler
                0x00000000080099bc                TIM2_IRQHandler
                0x00000000080099bc                TIM1_BRK_IRQHandler
                0x00000000080099bc                EXTI1_IRQHandler
                0x00000000080099bc                USART2_IRQHandler
                0x00000000080099bc                I2C2_ER_IRQHandler
                0x00000000080099bc                DMA1_Channel2_IRQHandler
                0x00000000080099bc                CAN1_SCE_IRQHandler
                0x00000000080099bc                FLASH_IRQHandler
                0x00000000080099bc                USART1_IRQHandler
                0x00000000080099bc                I2C1_ER_IRQHandler
                0x00000000080099bc                USBWakeUp_IRQHandler
 *fill*         0x00000000080099be        0x2 
 .text.__libc_init_array
                0x00000000080099c0       0x48 c:/st/stm32cubeide_1.7.0/stm32cubeide/plugins/com.st.stm32cube.ide.mcu.externaltools.gnu-tools-for-stm32.9-2020-q2-update.win32_2.0.0.202105311346/tools/bin/../lib/gcc/arm-none-eabi/9.3.1/../../../../arm-none-eabi/lib/thumb/v7-m/nofp\libc_nano.a(lib_a-init.o)
                0x00000000080099c0                __libc_init_array
 .text.memset   0x0000000008009a08       0x10 c:/st/stm32cubeide_1.7.0/stm32cubeide/plugins/com.st.stm32cube.ide.mcu.externaltools.gnu-tools-for-stm32.9-2020-q2-update.win32_2.0.0.202105311346/tools/bin/../lib/gcc/arm-none-eabi/9.3.1/../../../../arm-none-eabi/lib/thumb/v7-m/nofp\libc_nano.a(lib_a-memset.o)
                0x0000000008009a08                memset
 *(.glue_7)
 .glue_7        0x0000000008009a18        0x0 linker stubs
 *(.glue_7t)
 .glue_7t       0x0000000008009a18        0x0 linker stubs
 *(.eh_frame)
 .eh_frame      0x0000000008009a18        0x0 c:/st/stm32cubeide_1.7.0/stm32cubeide/plugins/com.st.stm32cube.ide.mcu.externaltools.gnu-tools-for-stm32.9-2020-q2-update.win32_2.0.0.202105311346/tools/bin/../lib/gcc/arm-none-eabi/9.3.1/thumb/v7-m/nofp/crtbegin.o
 *(.init)
 .init          0x0000000008009a18        0x4 c:/st/stm32cubeide_1.7.0/stm32cubeide/plugins/com.st.stm32cube.ide.mcu.externaltools.gnu-tools-for-stm32.9-2020-q2-update.win32_2.0.0.202105311346/tools/bin/../lib/gcc/arm-none-eabi/9.3.1/thumb/v7-m/nofp/crti.o
                0x0000000008009a18                _init
 .init          0x0000000008009a1c        0x8 c:/st/stm32cubeide_1.7.0/stm32cubeide/plugins/com.st.stm32cube.ide.mcu.externaltools.gnu-tools-for-stm32.9-2020-q2-update.win32_2.0.0.202105311346/tools/bin/../lib/gcc/arm-none-eabi/9.3.1/thumb/v7-m/nofp/crtn.o
 *(.fini)
 .fini          0x0000000008009a24        0x4 c:/st/stm32cubeide_1.7.0/stm32cubeide/plugins/com.st.stm32cube.ide.mcu.externaltools.gnu-tools-for-stm32.9-2020-q2-update.win32_2.0.0.202105311346/tools/bin/../lib/gcc/arm-none-eabi/9.3.1/thumb/v7-m/nofp/crti.o
                0x0000000008009a24                _fini
 .fini          0x0000000008009a28        0x8 c:/st/stm32cubeide_1.7.0/stm32cubeide/plugins/com.st.stm32cube.ide.mcu.externaltools.gnu-tools-for-stm32.9-2020-q2-update.win32_2.0.0.202105311346/tools/bin/../lib/gcc/arm-none-eabi/9.3.1/thumb/v7-m/nofp/crtn.o
                0x0000000008009a30                . = ALIGN (0x4)
                0x0000000008009a30                _etext = .

.vfp11_veneer   0x0000000008009a30        0x0
 .vfp11_veneer  0x0000000008009a30        0x0 linker stubs

.v4_bx          0x0000000008009a30        0x0
 .v4_bx         0x0000000008009a30        0x0 linker stubs

.iplt           0x0000000008009a30        0x0
 .iplt          0x0000000008009a30        0x0 c:/st/stm32cubeide_1.7.0/stm32cubeide/plugins/com.st.stm32cube.ide.mcu.externaltools.gnu-tools-for-stm32.9-2020-q2-update.win32_2.0.0.202105311346/tools/bin/../lib/gcc/arm-none-eabi/9.3.1/thumb/v7-m/nofp/crtbegin.o

.rodata         0x0000000008009a30       0x68
                0x0000000008009a30                . = ALIGN (0x4)
 *(.rodata)
 .rodata        0x0000000008009a30       0x10 ./Drivers/STM32F1xx_HAL_Driver/Src/stm32f1xx_hal_rcc.o
 .rodata        0x0000000008009a40       0x46 ./Src/usbd_desc.o
 *(.rodata*)
 *fill*         0x0000000008009a86        0x2 
 .rodata.AHBPrescTable
                0x0000000008009a88       0x10 ./Src/system_stm32f1xx.o
                0x0000000008009a88                AHBPrescTable
                0x0000000008009a98                . = ALIGN (0x4)

.rel.dyn        0x0000000008009a98        0x0
 .rel.iplt      0x0000000008009a98        0x0 c:/st/stm32cubeide_1.7.0/stm32cubeide/plugins/com.st.stm32cube.ide.mcu.externaltools.gnu-tools-for-stm32.9-2020-q2-update.win32_2.0.0.202105311346/tools/bin/../lib/gcc/arm-none-eabi/9.3.1/thumb/v7-m/nofp/crtbegin.o

.ARM.extab      0x0000000008009a98        0x0
                0x0000000008009a98                . = ALIGN (0x4)
 *(.ARM.extab* .gnu.linkonce.armextab.*)
                0x0000000008009a98                . = ALIGN (0x4)

.ARM            0x0000000008009a98        0x0
                0x0000000008009a98                . = ALIGN (0x4)
                0x0000000008009a98                __exidx_start = .
 *(.ARM.exidx*)
                0x0000000008009a98                __exidx_end = .
                0x0000000008009a98                . = ALIGN (0x4)

.preinit_array  0x0000000008009a98        0x0
                0x0000000008009a98                . = ALIGN (0x4)
                0x0000000008009a98                PROVIDE (__preinit_array_start = .)
 *(.preinit_array*)
                0x0000000008009a98                PROVIDE (__preinit_array_end = .)
                0x0000000008009a98                . = ALIGN (0x4)

.init_array     0x0000000008009a98        0x4
                0x0000000008009a98                . = ALIGN (0x4)
                0x0000000008009a98                PROVIDE (__init_array_start = .)
 *(SORT_BY_NAME(.init_array.*))
 *(.init_array*)
 .init_array    0x0000000008009a98        0x4 c:/st/stm32cubeide_1.7.0/stm32cubeide/plugins/com.st.stm32cube.ide.mcu.externaltools.gnu-tools-for-stm32.9-2020-q2-update.win32_2.0.0.202105311346/tools/bin/../lib/gcc/arm-none-eabi/9.3.1/thumb/v7-m/nofp/crtbegin.o
                0x0000000008009a9c                PROVIDE (__init_array_end = .)
                0x0000000008009a9c                . = ALIGN (0x4)

.fini_array     0x0000000008009a9c        0x4
                0x0000000008009a9c                . = ALIGN (0x4)
                [!provide]                        PROVIDE (__fini_array_start = .)
 *(SORT_BY_NAME(.fini_array.*))
 *(.fini_array*)
 .fini_array    0x0000000008009a9c        0x4 c:/st/stm32cubeide_1.7.0/stm32cubeide/plugins/com.st.stm32cube.ide.mcu.externaltools.gnu-tools-for-stm32.9-2020-q2-update.win32_2.0.0.202105311346/tools/bin/../lib/gcc/arm-none-eabi/9.3.1/thumb/v7-m/nofp/crtbegin.o
                [!provide]                        PROVIDE (__fini_array_end = .)
                0x0000000008009aa0                . = ALIGN (0x4)
                0x0000000008009aa0                _sidata = LOADADDR (.data)

.data           0x0000000020000000      0x1a0 load address 0x0000000008009aa0
                0x0000000020000000                . = ALIGN (0x4)
                0x0000000020000000                _sdata = .
 *(.data)
 *(.data*)
 .data.uwTickPrio
                0x0000000020000000        0x4 ./Drivers/STM32F1xx_HAL_Driver/Src/stm32f1xx_hal.o
                0x0000000020000000                uwTickPrio
 .data.uwTickFreq
                0x0000000020000004        0x1 ./Drivers/STM32F1xx_HAL_Driver/Src/stm32f1xx_hal.o
                0x0000000020000004                uwTickFreq
 *fill*         0x0000000020000005        0x3 
 .data.USBD_CDC_DeviceQualifierDesc
                0x0000000020000008        0xa ./Middlewares/ST/STM32_USB_Device_Library/Class/CDC/Src/usbd_cdc.o
 *fill*         0x0000000020000012        0x2 
 .data.USBD_CDC
                0x0000000020000014       0x38 ./Middlewares/ST/STM32_USB_Device_Library/Class/CDC/Src/usbd_cdc.o
                0x0000000020000014                USBD_CDC
 .data.USBD_CDC_CfgHSDesc
                0x000000002000004c       0x43 ./Middlewares/ST/STM32_USB_Device_Library/Class/CDC/Src/usbd_cdc.o
                0x000000002000004c                USBD_CDC_CfgHSDesc
 *fill*         0x000000002000008f        0x1 
 .data.USBD_CDC_CfgFSDesc
                0x0000000020000090       0x43 ./Middlewares/ST/STM32_USB_Device_Library/Class/CDC/Src/usbd_cdc.o
                0x0000000020000090                USBD_CDC_CfgFSDesc
 *fill*         0x00000000200000d3        0x1 
 .data.USBD_CDC_OtherSpeedCfgDesc
                0x00000000200000d4       0x43 ./Middlewares/ST/STM32_USB_Device_Library/Class/CDC/Src/usbd_cdc.o
                0x00000000200000d4                USBD_CDC_OtherSpeedCfgDesc
 *fill*         0x0000000020000117        0x1 
 .data.posKp    0x0000000020000118        0x8 ./Src/main.o
                0x0000000020000118                posKp
 .data.posKi    0x0000000020000120        0x8 ./Src/main.o
                0x0000000020000120                posKi
 .data.posKd    0x0000000020000128        0x8 ./Src/main.o
                0x0000000020000128                posKd
 .data.sampleTimeSeconds
                0x0000000020000130        0x4 ./Src/main.o
                0x0000000020000130                sampleTimeSeconds
 .data.minOutput
                0x0000000020000134        0x4 ./Src/main.o
                0x0000000020000134                minOutput
 .data.maxOutput
                0x0000000020000138        0x4 ./Src/main.o
                0x0000000020000138                maxOutput
 .data.SystemCoreClock
                0x000000002000013c        0x4 ./Src/system_stm32f1xx.o
                0x000000002000013c                SystemCoreClock
 .data.USBD_Interface_fops_FS
                0x0000000020000140       0x10 ./Src/usbd_cdc_if.o
                0x0000000020000140                USBD_Interface_fops_FS
 .data.FS_Desc  0x0000000020000150       0x1c ./Src/usbd_desc.o
                0x0000000020000150                FS_Desc
 .data.USBD_FS_DeviceDesc
                0x000000002000016c       0x12 ./Src/usbd_desc.o
                0x000000002000016c                USBD_FS_DeviceDesc
 *fill*         0x000000002000017e        0x2 
 .data.USBD_LangIDDesc
                0x0000000020000180        0x4 ./Src/usbd_desc.o
                0x0000000020000180                USBD_LangIDDesc
 .data.USBD_StringSerial
                0x0000000020000184       0x1a ./Src/usbd_desc.o
                0x0000000020000184                USBD_StringSerial
                0x00000000200001a0                . = ALIGN (0x4)
 *fill*         0x000000002000019e        0x2 
                0x00000000200001a0                _edata = .

.igot.plt       0x00000000200001a0        0x0 load address 0x0000000008009c40
 .igot.plt      0x00000000200001a0        0x0 c:/st/stm32cubeide_1.7.0/stm32cubeide/plugins/com.st.stm32cube.ide.mcu.externaltools.gnu-tools-for-stm32.9-2020-q2-update.win32_2.0.0.202105311346/tools/bin/../lib/gcc/arm-none-eabi/9.3.1/thumb/v7-m/nofp/crtbegin.o
                0x00000000200001a0                . = ALIGN (0x4)

.bss            0x00000000200001a0     0x1378 load address 0x0000000008009c40
                0x00000000200001a0                _sbss = .
                0x00000000200001a0                __bss_start__ = _sbss
 *(.bss)
 .bss           0x00000000200001a0       0x1c c:/st/stm32cubeide_1.7.0/stm32cubeide/plugins/com.st.stm32cube.ide.mcu.externaltools.gnu-tools-for-stm32.9-2020-q2-update.win32_2.0.0.202105311346/tools/bin/../lib/gcc/arm-none-eabi/9.3.1/thumb/v7-m/nofp/crtbegin.o
 *(.bss*)
 .bss.cfgidx.8458
                0x00000000200001bc        0x1 ./Middlewares/ST/STM32_USB_Device_Library/Core/Src/usbd_ctlreq.o
 *fill*         0x00000000200001bd        0x3 
 .bss.tick      0x00000000200001c0        0x4 ./Src/main.o
                0x00000000200001c0                tick
 .bss.pulsecnt  0x00000000200001c4        0x4 ./Src/main.o
                0x00000000200001c4                pulsecnt
 .bss.mem.8528  0x00000000200001c8      0x220 ./Src/usbd_conf.o
 *(COMMON)
 COMMON         0x00000000200003e8        0x4 ./Drivers/STM32F1xx_HAL_Driver/Src/stm32f1xx_hal.o
                0x00000000200003e8                uwTick
 COMMON         0x00000000200003ec      0x1a6 ./Src/main.o
                0x00000000200003ec                mySpeedPID
                0x0000000020000428                hadc1
                0x0000000020000458                buffer
                0x000000002000047c                myPosPID
                0x00000000200004b8                hdma_adc1
                0x00000000200004fc                htim1
                0x0000000020000544                htim2
                0x000000002000058c                ADC_BUFF
 *fill*         0x0000000020000592        0x2 
 COMMON         0x0000000020000594      0x2c4 ./Src/usb_device.o
                0x0000000020000594                hUsbDeviceFS
 COMMON         0x0000000020000858      0x7d4 ./Src/usbd_cdc_if.o
                0x0000000020000858                UserRxBufferFS
                0x0000000020000c40                UserTxBufferFS
                0x0000000020001028                time
 COMMON         0x000000002000102c      0x2ec ./Src/usbd_conf.o
                0x000000002000102c                hpcd_USB_FS
 COMMON         0x0000000020001318      0x200 ./Src/usbd_desc.o
                0x0000000020001318                USBD_StrDesc
                0x0000000020001518                . = ALIGN (0x4)
                0x0000000020001518                _ebss = .
                0x0000000020001518                __bss_end__ = _ebss

._user_heap_stack
                0x0000000020001518      0x600 load address 0x0000000008009c40
                0x0000000020001518                . = ALIGN (0x8)
                0x0000000020001518                PROVIDE (end = .)
                [!provide]                        PROVIDE (_end = .)
                0x0000000020001718                . = (. + _Min_Heap_Size)
 *fill*         0x0000000020001518      0x200 
                0x0000000020001b18                . = (. + _Min_Stack_Size)
 *fill*         0x0000000020001718      0x400 
                0x0000000020001b18                . = ALIGN (0x8)

/DISCARD/
 libc.a(*)
 libm.a(*)
 libgcc.a(*)

.ARM.attributes
                0x0000000000000000       0x29
 *(.ARM.attributes)
 .ARM.attributes
                0x0000000000000000       0x1d c:/st/stm32cubeide_1.7.0/stm32cubeide/plugins/com.st.stm32cube.ide.mcu.externaltools.gnu-tools-for-stm32.9-2020-q2-update.win32_2.0.0.202105311346/tools/bin/../lib/gcc/arm-none-eabi/9.3.1/thumb/v7-m/nofp/crti.o
 .ARM.attributes
                0x000000000000001d       0x2d c:/st/stm32cubeide_1.7.0/stm32cubeide/plugins/com.st.stm32cube.ide.mcu.externaltools.gnu-tools-for-stm32.9-2020-q2-update.win32_2.0.0.202105311346/tools/bin/../lib/gcc/arm-none-eabi/9.3.1/thumb/v7-m/nofp/crtbegin.o
 .ARM.attributes
                0x000000000000004a       0x2d ./Drivers/STM32F1xx_HAL_Driver/Src/stm32f1xx_hal.o
 .ARM.attributes
                0x0000000000000077       0x2d ./Drivers/STM32F1xx_HAL_Driver/Src/stm32f1xx_hal_adc.o
 .ARM.attributes
                0x00000000000000a4       0x2d ./Drivers/STM32F1xx_HAL_Driver/Src/stm32f1xx_hal_adc_ex.o
 .ARM.attributes
                0x00000000000000d1       0x2d ./Drivers/STM32F1xx_HAL_Driver/Src/stm32f1xx_hal_cortex.o
 .ARM.attributes
                0x00000000000000fe       0x2d ./Drivers/STM32F1xx_HAL_Driver/Src/stm32f1xx_hal_dma.o
 .ARM.attributes
                0x000000000000012b       0x2d ./Drivers/STM32F1xx_HAL_Driver/Src/stm32f1xx_hal_gpio.o
 .ARM.attributes
                0x0000000000000158       0x2d ./Drivers/STM32F1xx_HAL_Driver/Src/stm32f1xx_hal_pcd.o
 .ARM.attributes
                0x0000000000000185       0x2d ./Drivers/STM32F1xx_HAL_Driver/Src/stm32f1xx_hal_pcd_ex.o
 .ARM.attributes
                0x00000000000001b2       0x2d ./Drivers/STM32F1xx_HAL_Driver/Src/stm32f1xx_hal_rcc.o
 .ARM.attributes
                0x00000000000001df       0x2d ./Drivers/STM32F1xx_HAL_Driver/Src/stm32f1xx_hal_rcc_ex.o
 .ARM.attributes
                0x000000000000020c       0x2d ./Drivers/STM32F1xx_HAL_Driver/Src/stm32f1xx_hal_tim.o
 .ARM.attributes
                0x0000000000000239       0x2d ./Drivers/STM32F1xx_HAL_Driver/Src/stm32f1xx_hal_tim_ex.o
 .ARM.attributes
                0x0000000000000266       0x2d ./Drivers/STM32F1xx_HAL_Driver/Src/stm32f1xx_ll_usb.o
 .ARM.attributes
                0x0000000000000293       0x2d ./Middlewares/ST/STM32_USB_Device_Library/Class/CDC/Src/usbd_cdc.o
 .ARM.attributes
                0x00000000000002c0       0x2d ./Middlewares/ST/STM32_USB_Device_Library/Core/Src/usbd_core.o
 .ARM.attributes
                0x00000000000002ed       0x2d ./Middlewares/ST/STM32_USB_Device_Library/Core/Src/usbd_ctlreq.o
 .ARM.attributes
                0x000000000000031a       0x2d ./Middlewares/ST/STM32_USB_Device_Library/Core/Src/usbd_ioreq.o
 .ARM.attributes
                0x0000000000000347       0x2d ./Src/main.o
 .ARM.attributes
                0x0000000000000374       0x2d ./Src/pid_controller.o
 .ARM.attributes
                0x00000000000003a1       0x2d ./Src/stm32f1xx_hal_msp.o
 .ARM.attributes
                0x00000000000003ce       0x2d ./Src/stm32f1xx_it.o
 .ARM.attributes
                0x00000000000003fb       0x2d ./Src/system_stm32f1xx.o
 .ARM.attributes
                0x0000000000000428       0x2d ./Src/usb_device.o
 .ARM.attributes
                0x0000000000000455       0x2d ./Src/usbd_cdc_if.o
 .ARM.attributes
                0x0000000000000482       0x2d ./Src/usbd_conf.o
 .ARM.attributes
                0x00000000000004af       0x2d ./Src/usbd_desc.o
 .ARM.attributes
                0x00000000000004dc       0x21 ./Startup/startup_stm32f103c8tx.o
 .ARM.attributes
                0x00000000000004fd       0x2d c:/st/stm32cubeide_1.7.0/stm32cubeide/plugins/com.st.stm32cube.ide.mcu.externaltools.gnu-tools-for-stm32.9-2020-q2-update.win32_2.0.0.202105311346/tools/bin/../lib/gcc/arm-none-eabi/9.3.1/../../../../arm-none-eabi/lib/thumb/v7-m/nofp\libc_nano.a(lib_a-init.o)
 .ARM.attributes
                0x000000000000052a       0x2d c:/st/stm32cubeide_1.7.0/stm32cubeide/plugins/com.st.stm32cube.ide.mcu.externaltools.gnu-tools-for-stm32.9-2020-q2-update.win32_2.0.0.202105311346/tools/bin/../lib/gcc/arm-none-eabi/9.3.1/../../../../arm-none-eabi/lib/thumb/v7-m/nofp\libc_nano.a(lib_a-memset.o)
 .ARM.attributes
                0x0000000000000557       0x1d c:/st/stm32cubeide_1.7.0/stm32cubeide/plugins/com.st.stm32cube.ide.mcu.externaltools.gnu-tools-for-stm32.9-2020-q2-update.win32_2.0.0.202105311346/tools/bin/../lib/gcc/arm-none-eabi/9.3.1/thumb/v7-m/nofp\libgcc.a(_arm_addsubdf3.o)
 .ARM.attributes
                0x0000000000000574       0x1d c:/st/stm32cubeide_1.7.0/stm32cubeide/plugins/com.st.stm32cube.ide.mcu.externaltools.gnu-tools-for-stm32.9-2020-q2-update.win32_2.0.0.202105311346/tools/bin/../lib/gcc/arm-none-eabi/9.3.1/thumb/v7-m/nofp\libgcc.a(_arm_fixunsdfsi.o)
 .ARM.attributes
                0x0000000000000591       0x1d c:/st/stm32cubeide_1.7.0/stm32cubeide/plugins/com.st.stm32cube.ide.mcu.externaltools.gnu-tools-for-stm32.9-2020-q2-update.win32_2.0.0.202105311346/tools/bin/../lib/gcc/arm-none-eabi/9.3.1/thumb/v7-m/nofp\libgcc.a(_arm_truncdfsf2.o)
 .ARM.attributes
                0x00000000000005ae       0x1d c:/st/stm32cubeide_1.7.0/stm32cubeide/plugins/com.st.stm32cube.ide.mcu.externaltools.gnu-tools-for-stm32.9-2020-q2-update.win32_2.0.0.202105311346/tools/bin/../lib/gcc/arm-none-eabi/9.3.1/thumb/v7-m/nofp\libgcc.a(_arm_muldivsf3.o)
 .ARM.attributes
                0x00000000000005cb       0x1d c:/st/stm32cubeide_1.7.0/stm32cubeide/plugins/com.st.stm32cube.ide.mcu.externaltools.gnu-tools-for-stm32.9-2020-q2-update.win32_2.0.0.202105311346/tools/bin/../lib/gcc/arm-none-eabi/9.3.1/thumb/v7-m/nofp\libgcc.a(_arm_cmpsf2.o)
 .ARM.attributes
                0x00000000000005e8       0x1d c:/st/stm32cubeide_1.7.0/stm32cubeide/plugins/com.st.stm32cube.ide.mcu.externaltools.gnu-tools-for-stm32.9-2020-q2-update.win32_2.0.0.202105311346/tools/bin/../lib/gcc/arm-none-eabi/9.3.1/thumb/v7-m/nofp/crtn.o
OUTPUT(DoAn_CDT.elf elf32-littlearm)
LOAD linker stubs
LOAD c:/st/stm32cubeide_1.7.0/stm32cubeide/plugins/com.st.stm32cube.ide.mcu.externaltools.gnu-tools-for-stm32.9-2020-q2-update.win32_2.0.0.202105311346/tools/bin/../lib/gcc/arm-none-eabi/9.3.1/../../../../arm-none-eabi/lib/thumb/v7-m/nofp\libc.a
LOAD c:/st/stm32cubeide_1.7.0/stm32cubeide/plugins/com.st.stm32cube.ide.mcu.externaltools.gnu-tools-for-stm32.9-2020-q2-update.win32_2.0.0.202105311346/tools/bin/../lib/gcc/arm-none-eabi/9.3.1/../../../../arm-none-eabi/lib/thumb/v7-m/nofp\libm.a
LOAD c:/st/stm32cubeide_1.7.0/stm32cubeide/plugins/com.st.stm32cube.ide.mcu.externaltools.gnu-tools-for-stm32.9-2020-q2-update.win32_2.0.0.202105311346/tools/bin/../lib/gcc/arm-none-eabi/9.3.1/thumb/v7-m/nofp\libgcc.a

.debug_info     0x0000000000000000    0x1a3b5
 .debug_info    0x0000000000000000      0x76a ./Drivers/STM32F1xx_HAL_Driver/Src/stm32f1xx_hal.o
 .debug_info    0x000000000000076a      0xd2d ./Drivers/STM32F1xx_HAL_Driver/Src/stm32f1xx_hal_adc.o
 .debug_info    0x0000000000001497      0xaa7 ./Drivers/STM32F1xx_HAL_Driver/Src/stm32f1xx_hal_adc_ex.o
 .debug_info    0x0000000000001f3e      0xbdc ./Drivers/STM32F1xx_HAL_Driver/Src/stm32f1xx_hal_cortex.o
 .debug_info    0x0000000000002b1a      0x81e ./Drivers/STM32F1xx_HAL_Driver/Src/stm32f1xx_hal_dma.o
 .debug_info    0x0000000000003338      0x701 ./Drivers/STM32F1xx_HAL_Driver/Src/stm32f1xx_hal_gpio.o
 .debug_info    0x0000000000003a39     0x1509 ./Drivers/STM32F1xx_HAL_Driver/Src/stm32f1xx_hal_pcd.o
 .debug_info    0x0000000000004f42      0x7fc ./Drivers/STM32F1xx_HAL_Driver/Src/stm32f1xx_hal_pcd_ex.o
 .debug_info    0x000000000000573e      0x88e ./Drivers/STM32F1xx_HAL_Driver/Src/stm32f1xx_hal_rcc.o
 .debug_info    0x0000000000005fcc      0x480 ./Drivers/STM32F1xx_HAL_Driver/Src/stm32f1xx_hal_rcc_ex.o
 .debug_info    0x000000000000644c     0x2a45 ./Drivers/STM32F1xx_HAL_Driver/Src/stm32f1xx_hal_tim.o
 .debug_info    0x0000000000008e91     0x14d5 ./Drivers/STM32F1xx_HAL_Driver/Src/stm32f1xx_hal_tim_ex.o
 .debug_info    0x000000000000a366     0x19e6 ./Drivers/STM32F1xx_HAL_Driver/Src/stm32f1xx_ll_usb.o
 .debug_info    0x000000000000bd4c     0x1941 ./Middlewares/ST/STM32_USB_Device_Library/Class/CDC/Src/usbd_cdc.o
 .debug_info    0x000000000000d68d     0x12f6 ./Middlewares/ST/STM32_USB_Device_Library/Core/Src/usbd_core.o
 .debug_info    0x000000000000e983     0x1263 ./Middlewares/ST/STM32_USB_Device_Library/Core/Src/usbd_ctlreq.o
 .debug_info    0x000000000000fbe6     0x1035 ./Middlewares/ST/STM32_USB_Device_Library/Core/Src/usbd_ioreq.o
 .debug_info    0x0000000000010c1b     0x250a ./Src/main.o
 .debug_info    0x0000000000013125      0x509 ./Src/pid_controller.o
 .debug_info    0x000000000001362e      0xed0 ./Src/stm32f1xx_hal_msp.o
 .debug_info    0x00000000000144fe      0xb7b ./Src/stm32f1xx_it.o
 .debug_info    0x0000000000015079      0x479 ./Src/system_stm32f1xx.o
 .debug_info    0x00000000000154f2      0xf72 ./Src/usb_device.o
 .debug_info    0x0000000000016464     0x11b1 ./Src/usbd_cdc_if.o
 .debug_info    0x0000000000017615     0x1f8f ./Src/usbd_conf.o
 .debug_info    0x00000000000195a4      0xdef ./Src/usbd_desc.o
 .debug_info    0x000000000001a393       0x22 ./Startup/startup_stm32f103c8tx.o

.debug_abbrev   0x0000000000000000     0x3b11
 .debug_abbrev  0x0000000000000000      0x1ed ./Drivers/STM32F1xx_HAL_Driver/Src/stm32f1xx_hal.o
 .debug_abbrev  0x00000000000001ed      0x1fb ./Drivers/STM32F1xx_HAL_Driver/Src/stm32f1xx_hal_adc.o
 .debug_abbrev  0x00000000000003e8      0x21f ./Drivers/STM32F1xx_HAL_Driver/Src/stm32f1xx_hal_adc_ex.o
 .debug_abbrev  0x0000000000000607      0x313 ./Drivers/STM32F1xx_HAL_Driver/Src/stm32f1xx_hal_cortex.o
 .debug_abbrev  0x000000000000091a      0x228 ./Drivers/STM32F1xx_HAL_Driver/Src/stm32f1xx_hal_dma.o
 .debug_abbrev  0x0000000000000b42      0x1e8 ./Drivers/STM32F1xx_HAL_Driver/Src/stm32f1xx_hal_gpio.o
 .debug_abbrev  0x0000000000000d2a      0x29e ./Drivers/STM32F1xx_HAL_Driver/Src/stm32f1xx_hal_pcd.o
 .debug_abbrev  0x0000000000000fc8      0x1ac ./Drivers/STM32F1xx_HAL_Driver/Src/stm32f1xx_hal_pcd_ex.o
 .debug_abbrev  0x0000000000001174      0x273 ./Drivers/STM32F1xx_HAL_Driver/Src/stm32f1xx_hal_rcc.o
 .debug_abbrev  0x00000000000013e7      0x193 ./Drivers/STM32F1xx_HAL_Driver/Src/stm32f1xx_hal_rcc_ex.o
 .debug_abbrev  0x000000000000157a      0x25e ./Drivers/STM32F1xx_HAL_Driver/Src/stm32f1xx_hal_tim.o
 .debug_abbrev  0x00000000000017d8      0x266 ./Drivers/STM32F1xx_HAL_Driver/Src/stm32f1xx_hal_tim_ex.o
 .debug_abbrev  0x0000000000001a3e      0x1fa ./Drivers/STM32F1xx_HAL_Driver/Src/stm32f1xx_ll_usb.o
 .debug_abbrev  0x0000000000001c38      0x2f6 ./Middlewares/ST/STM32_USB_Device_Library/Class/CDC/Src/usbd_cdc.o
 .debug_abbrev  0x0000000000001f2e      0x2a8 ./Middlewares/ST/STM32_USB_Device_Library/Core/Src/usbd_core.o
 .debug_abbrev  0x00000000000021d6      0x2de ./Middlewares/ST/STM32_USB_Device_Library/Core/Src/usbd_ctlreq.o
 .debug_abbrev  0x00000000000024b4      0x20a ./Middlewares/ST/STM32_USB_Device_Library/Core/Src/usbd_ioreq.o
 .debug_abbrev  0x00000000000026be      0x366 ./Src/main.o
 .debug_abbrev  0x0000000000002a24      0x142 ./Src/pid_controller.o
 .debug_abbrev  0x0000000000002b66      0x22d ./Src/stm32f1xx_hal_msp.o
 .debug_abbrev  0x0000000000002d93      0x194 ./Src/stm32f1xx_it.o
 .debug_abbrev  0x0000000000002f27      0x14e ./Src/system_stm32f1xx.o
 .debug_abbrev  0x0000000000003075      0x1e4 ./Src/usb_device.o
 .debug_abbrev  0x0000000000003259      0x2bf ./Src/usbd_cdc_if.o
 .debug_abbrev  0x0000000000003518      0x31d ./Src/usbd_conf.o
 .debug_abbrev  0x0000000000003835      0x2ca ./Src/usbd_desc.o
 .debug_abbrev  0x0000000000003aff       0x12 ./Startup/startup_stm32f103c8tx.o

.debug_aranges  0x0000000000000000     0x12a0
 .debug_aranges
                0x0000000000000000       0xe0 ./Drivers/STM32F1xx_HAL_Driver/Src/stm32f1xx_hal.o
 .debug_aranges
                0x00000000000000e0       0xf0 ./Drivers/STM32F1xx_HAL_Driver/Src/stm32f1xx_hal_adc.o
 .debug_aranges
                0x00000000000001d0       0x80 ./Drivers/STM32F1xx_HAL_Driver/Src/stm32f1xx_hal_adc_ex.o
 .debug_aranges
                0x0000000000000250      0x100 ./Drivers/STM32F1xx_HAL_Driver/Src/stm32f1xx_hal_cortex.o
 .debug_aranges
                0x0000000000000350       0x80 ./Drivers/STM32F1xx_HAL_Driver/Src/stm32f1xx_hal_dma.o
 .debug_aranges
                0x00000000000003d0       0x58 ./Drivers/STM32F1xx_HAL_Driver/Src/stm32f1xx_hal_gpio.o
 .debug_aranges
                0x0000000000000428      0x138 ./Drivers/STM32F1xx_HAL_Driver/Src/stm32f1xx_hal_pcd.o
 .debug_aranges
                0x0000000000000560       0x38 ./Drivers/STM32F1xx_HAL_Driver/Src/stm32f1xx_hal_pcd_ex.o
 .debug_aranges
                0x0000000000000598       0x90 ./Drivers/STM32F1xx_HAL_Driver/Src/stm32f1xx_hal_rcc.o
 .debug_aranges
                0x0000000000000628       0x30 ./Drivers/STM32F1xx_HAL_Driver/Src/stm32f1xx_hal_rcc_ex.o
 .debug_aranges
                0x0000000000000658      0x3d0 ./Drivers/STM32F1xx_HAL_Driver/Src/stm32f1xx_hal_tim.o
 .debug_aranges
                0x0000000000000a28      0x168 ./Drivers/STM32F1xx_HAL_Driver/Src/stm32f1xx_hal_tim_ex.o
 .debug_aranges
                0x0000000000000b90       0xf0 ./Drivers/STM32F1xx_HAL_Driver/Src/stm32f1xx_ll_usb.o
 .debug_aranges
                0x0000000000000c80       0x90 ./Middlewares/ST/STM32_USB_Device_Library/Class/CDC/Src/usbd_cdc.o
 .debug_aranges
                0x0000000000000d10       0xb8 ./Middlewares/ST/STM32_USB_Device_Library/Core/Src/usbd_core.o
 .debug_aranges
                0x0000000000000dc8       0x88 ./Middlewares/ST/STM32_USB_Device_Library/Core/Src/usbd_ctlreq.o
 .debug_aranges
                0x0000000000000e50       0x50 ./Middlewares/ST/STM32_USB_Device_Library/Core/Src/usbd_ioreq.o
 .debug_aranges
                0x0000000000000ea0       0x88 ./Src/main.o
 .debug_aranges
                0x0000000000000f28       0x80 ./Src/pid_controller.o
 .debug_aranges
                0x0000000000000fa8       0x58 ./Src/stm32f1xx_hal_msp.o
 .debug_aranges
                0x0000000000001000       0x78 ./Src/stm32f1xx_it.o
 .debug_aranges
                0x0000000000001078       0x28 ./Src/system_stm32f1xx.o
 .debug_aranges
                0x00000000000010a0       0x20 ./Src/usb_device.o
 .debug_aranges
                0x00000000000010c0       0x40 ./Src/usbd_cdc_if.o
 .debug_aranges
                0x0000000000001100      0x118 ./Src/usbd_conf.o
 .debug_aranges
                0x0000000000001218       0x60 ./Src/usbd_desc.o
 .debug_aranges
                0x0000000000001278       0x28 ./Startup/startup_stm32f103c8tx.o

.debug_ranges   0x0000000000000000     0x10f8
 .debug_ranges  0x0000000000000000       0xd0 ./Drivers/STM32F1xx_HAL_Driver/Src/stm32f1xx_hal.o
 .debug_ranges  0x00000000000000d0       0xe0 ./Drivers/STM32F1xx_HAL_Driver/Src/stm32f1xx_hal_adc.o
 .debug_ranges  0x00000000000001b0       0x70 ./Drivers/STM32F1xx_HAL_Driver/Src/stm32f1xx_hal_adc_ex.o
 .debug_ranges  0x0000000000000220       0xf0 ./Drivers/STM32F1xx_HAL_Driver/Src/stm32f1xx_hal_cortex.o
 .debug_ranges  0x0000000000000310       0x70 ./Drivers/STM32F1xx_HAL_Driver/Src/stm32f1xx_hal_dma.o
 .debug_ranges  0x0000000000000380       0x48 ./Drivers/STM32F1xx_HAL_Driver/Src/stm32f1xx_hal_gpio.o
 .debug_ranges  0x00000000000003c8      0x128 ./Drivers/STM32F1xx_HAL_Driver/Src/stm32f1xx_hal_pcd.o
 .debug_ranges  0x00000000000004f0       0x28 ./Drivers/STM32F1xx_HAL_Driver/Src/stm32f1xx_hal_pcd_ex.o
 .debug_ranges  0x0000000000000518       0x80 ./Drivers/STM32F1xx_HAL_Driver/Src/stm32f1xx_hal_rcc.o
 .debug_ranges  0x0000000000000598       0x20 ./Drivers/STM32F1xx_HAL_Driver/Src/stm32f1xx_hal_rcc_ex.o
 .debug_ranges  0x00000000000005b8      0x3c0 ./Drivers/STM32F1xx_HAL_Driver/Src/stm32f1xx_hal_tim.o
 .debug_ranges  0x0000000000000978      0x158 ./Drivers/STM32F1xx_HAL_Driver/Src/stm32f1xx_hal_tim_ex.o
 .debug_ranges  0x0000000000000ad0       0xe0 ./Drivers/STM32F1xx_HAL_Driver/Src/stm32f1xx_ll_usb.o
 .debug_ranges  0x0000000000000bb0       0x80 ./Middlewares/ST/STM32_USB_Device_Library/Class/CDC/Src/usbd_cdc.o
 .debug_ranges  0x0000000000000c30       0xa8 ./Middlewares/ST/STM32_USB_Device_Library/Core/Src/usbd_core.o
 .debug_ranges  0x0000000000000cd8       0x78 ./Middlewares/ST/STM32_USB_Device_Library/Core/Src/usbd_ctlreq.o
 .debug_ranges  0x0000000000000d50       0x40 ./Middlewares/ST/STM32_USB_Device_Library/Core/Src/usbd_ioreq.o
 .debug_ranges  0x0000000000000d90       0x78 ./Src/main.o
 .debug_ranges  0x0000000000000e08       0x70 ./Src/pid_controller.o
 .debug_ranges  0x0000000000000e78       0x48 ./Src/stm32f1xx_hal_msp.o
 .debug_ranges  0x0000000000000ec0       0x68 ./Src/stm32f1xx_it.o
 .debug_ranges  0x0000000000000f28       0x18 ./Src/system_stm32f1xx.o
 .debug_ranges  0x0000000000000f40       0x10 ./Src/usb_device.o
 .debug_ranges  0x0000000000000f50       0x30 ./Src/usbd_cdc_if.o
 .debug_ranges  0x0000000000000f80      0x108 ./Src/usbd_conf.o
 .debug_ranges  0x0000000000001088       0x50 ./Src/usbd_desc.o
 .debug_ranges  0x00000000000010d8       0x20 ./Startup/startup_stm32f103c8tx.o

.debug_macro    0x0000000000000000    0x1ba7d
 .debug_macro   0x0000000000000000      0x1f5 ./Drivers/STM32F1xx_HAL_Driver/Src/stm32f1xx_hal.o
 .debug_macro   0x00000000000001f5      0xa9c ./Drivers/STM32F1xx_HAL_Driver/Src/stm32f1xx_hal.o
 .debug_macro   0x0000000000000c91      0x227 ./Drivers/STM32F1xx_HAL_Driver/Src/stm32f1xx_hal.o
 .debug_macro   0x0000000000000eb8       0x2e ./Drivers/STM32F1xx_HAL_Driver/Src/stm32f1xx_hal.o
 .debug_macro   0x0000000000000ee6       0x22 ./Drivers/STM32F1xx_HAL_Driver/Src/stm32f1xx_hal.o
 .debug_macro   0x0000000000000f08       0x22 ./Drivers/STM32F1xx_HAL_Driver/Src/stm32f1xx_hal.o
 .debug_macro   0x0000000000000f2a       0x8e ./Drivers/STM32F1xx_HAL_Driver/Src/stm32f1xx_hal.o
 .debug_macro   0x0000000000000fb8       0x51 ./Drivers/STM32F1xx_HAL_Driver/Src/stm32f1xx_hal.o
 .debug_macro   0x0000000000001009      0x103 ./Drivers/STM32F1xx_HAL_Driver/Src/stm32f1xx_hal.o
 .debug_macro   0x000000000000110c       0x6a ./Drivers/STM32F1xx_HAL_Driver/Src/stm32f1xx_hal.o
 .debug_macro   0x0000000000001176      0x1df ./Drivers/STM32F1xx_HAL_Driver/Src/stm32f1xx_hal.o
 .debug_macro   0x0000000000001355       0x1c ./Drivers/STM32F1xx_HAL_Driver/Src/stm32f1xx_hal.o
 .debug_macro   0x0000000000001371       0x22 ./Drivers/STM32F1xx_HAL_Driver/Src/stm32f1xx_hal.o
 .debug_macro   0x0000000000001393       0xc3 ./Drivers/STM32F1xx_HAL_Driver/Src/stm32f1xx_hal.o
 .debug_macro   0x0000000000001456      0xd23 ./Drivers/STM32F1xx_HAL_Driver/Src/stm32f1xx_hal.o
 .debug_macro   0x0000000000002179     0xe09e ./Drivers/STM32F1xx_HAL_Driver/Src/stm32f1xx_hal.o
 .debug_macro   0x0000000000010217       0x6d ./Drivers/STM32F1xx_HAL_Driver/Src/stm32f1xx_hal.o
 .debug_macro   0x0000000000010284     0x3468 ./Drivers/STM32F1xx_HAL_Driver/Src/stm32f1xx_hal.o
 .debug_macro   0x00000000000136ec      0x174 ./Drivers/STM32F1xx_HAL_Driver/Src/stm32f1xx_hal.o
 .debug_macro   0x0000000000013860       0x5c ./Drivers/STM32F1xx_HAL_Driver/Src/stm32f1xx_hal.o
 .debug_macro   0x00000000000138bc      0x5be ./Drivers/STM32F1xx_HAL_Driver/Src/stm32f1xx_hal.o
 .debug_macro   0x0000000000013e7a      0x289 ./Drivers/STM32F1xx_HAL_Driver/Src/stm32f1xx_hal.o
 .debug_macro   0x0000000000014103      0x1cb ./Drivers/STM32F1xx_HAL_Driver/Src/stm32f1xx_hal.o
 .debug_macro   0x00000000000142ce      0x114 ./Drivers/STM32F1xx_HAL_Driver/Src/stm32f1xx_hal.o
 .debug_macro   0x00000000000143e2      0x1b2 ./Drivers/STM32F1xx_HAL_Driver/Src/stm32f1xx_hal.o
 .debug_macro   0x0000000000014594       0x27 ./Drivers/STM32F1xx_HAL_Driver/Src/stm32f1xx_hal.o
 .debug_macro   0x00000000000145bb      0x136 ./Drivers/STM32F1xx_HAL_Driver/Src/stm32f1xx_hal.o
 .debug_macro   0x00000000000146f1      0x1bc ./Drivers/STM32F1xx_HAL_Driver/Src/stm32f1xx_hal.o
 .debug_macro   0x00000000000148ad       0x34 ./Drivers/STM32F1xx_HAL_Driver/Src/stm32f1xx_hal.o
 .debug_macro   0x00000000000148e1       0x3c ./Drivers/STM32F1xx_HAL_Driver/Src/stm32f1xx_hal.o
 .debug_macro   0x000000000001491d       0x57 ./Drivers/STM32F1xx_HAL_Driver/Src/stm32f1xx_hal.o
 .debug_macro   0x0000000000014974      0x46a ./Drivers/STM32F1xx_HAL_Driver/Src/stm32f1xx_hal.o
 .debug_macro   0x0000000000014dde      0x1b5 ./Drivers/STM32F1xx_HAL_Driver/Src/stm32f1xx_hal.o
 .debug_macro   0x0000000000014f93       0x88 ./Drivers/STM32F1xx_HAL_Driver/Src/stm32f1xx_hal.o
 .debug_macro   0x000000000001501b      0x241 ./Drivers/STM32F1xx_HAL_Driver/Src/stm32f1xx_hal.o
 .debug_macro   0x000000000001525c      0x141 ./Drivers/STM32F1xx_HAL_Driver/Src/stm32f1xx_hal.o
 .debug_macro   0x000000000001539d      0x8d1 ./Drivers/STM32F1xx_HAL_Driver/Src/stm32f1xx_hal.o
 .debug_macro   0x0000000000015c6e       0x65 ./Drivers/STM32F1xx_HAL_Driver/Src/stm32f1xx_hal.o
 .debug_macro   0x0000000000015cd3      0x249 ./Drivers/STM32F1xx_HAL_Driver/Src/stm32f1xx_hal.o
 .debug_macro   0x0000000000015f1c       0x83 ./Drivers/STM32F1xx_HAL_Driver/Src/stm32f1xx_hal.o
 .debug_macro   0x0000000000015f9f      0x1ee ./Drivers/STM32F1xx_HAL_Driver/Src/stm32f1xx_hal_adc.o
 .debug_macro   0x000000000001618d      0x1e3 ./Drivers/STM32F1xx_HAL_Driver/Src/stm32f1xx_hal_adc_ex.o
 .debug_macro   0x0000000000016370      0x1d1 ./Drivers/STM32F1xx_HAL_Driver/Src/stm32f1xx_hal_cortex.o
 .debug_macro   0x0000000000016541      0x1d1 ./Drivers/STM32F1xx_HAL_Driver/Src/stm32f1xx_hal_dma.o
 .debug_macro   0x0000000000016712      0x23c ./Drivers/STM32F1xx_HAL_Driver/Src/stm32f1xx_hal_gpio.o
 .debug_macro   0x000000000001694e      0x1dd ./Drivers/STM32F1xx_HAL_Driver/Src/stm32f1xx_hal_pcd.o
 .debug_macro   0x0000000000016b2b      0x1d1 ./Drivers/STM32F1xx_HAL_Driver/Src/stm32f1xx_hal_pcd_ex.o
 .debug_macro   0x0000000000016cfc      0x1e3 ./Drivers/STM32F1xx_HAL_Driver/Src/stm32f1xx_hal_rcc.o
 .debug_macro   0x0000000000016edf      0x1d1 ./Drivers/STM32F1xx_HAL_Driver/Src/stm32f1xx_hal_rcc_ex.o
 .debug_macro   0x00000000000170b0      0x1d2 ./Drivers/STM32F1xx_HAL_Driver/Src/stm32f1xx_hal_tim.o
 .debug_macro   0x0000000000017282      0x1d1 ./Drivers/STM32F1xx_HAL_Driver/Src/stm32f1xx_hal_tim_ex.o
 .debug_macro   0x0000000000017453      0x1d1 ./Drivers/STM32F1xx_HAL_Driver/Src/stm32f1xx_ll_usb.o
 .debug_macro   0x0000000000017624      0x409 ./Middlewares/ST/STM32_USB_Device_Library/Class/CDC/Src/usbd_cdc.o
 .debug_macro   0x0000000000017a2d       0x4c ./Middlewares/ST/STM32_USB_Device_Library/Class/CDC/Src/usbd_cdc.o
 .debug_macro   0x0000000000017a79       0x18 ./Middlewares/ST/STM32_USB_Device_Library/Class/CDC/Src/usbd_cdc.o
 .debug_macro   0x0000000000017a91       0x94 ./Middlewares/ST/STM32_USB_Device_Library/Class/CDC/Src/usbd_cdc.o
 .debug_macro   0x0000000000017b25       0x3c ./Middlewares/ST/STM32_USB_Device_Library/Class/CDC/Src/usbd_cdc.o
 .debug_macro   0x0000000000017b61       0x34 ./Middlewares/ST/STM32_USB_Device_Library/Class/CDC/Src/usbd_cdc.o
 .debug_macro   0x0000000000017b95       0x16 ./Middlewares/ST/STM32_USB_Device_Library/Class/CDC/Src/usbd_cdc.o
 .debug_macro   0x0000000000017bab       0x57 ./Middlewares/ST/STM32_USB_Device_Library/Class/CDC/Src/usbd_cdc.o
 .debug_macro   0x0000000000017c02       0x97 ./Middlewares/ST/STM32_USB_Device_Library/Class/CDC/Src/usbd_cdc.o
 .debug_macro   0x0000000000017c99      0x339 ./Middlewares/ST/STM32_USB_Device_Library/Class/CDC/Src/usbd_cdc.o
 .debug_macro   0x0000000000017fd2       0xfd ./Middlewares/ST/STM32_USB_Device_Library/Class/CDC/Src/usbd_cdc.o
 .debug_macro   0x00000000000180cf       0x10 ./Middlewares/ST/STM32_USB_Device_Library/Class/CDC/Src/usbd_cdc.o
 .debug_macro   0x00000000000180df       0x16 ./Middlewares/ST/STM32_USB_Device_Library/Class/CDC/Src/usbd_cdc.o
 .debug_macro   0x00000000000180f5       0x43 ./Middlewares/ST/STM32_USB_Device_Library/Class/CDC/Src/usbd_cdc.o
 .debug_macro   0x0000000000018138       0x34 ./Middlewares/ST/STM32_USB_Device_Library/Class/CDC/Src/usbd_cdc.o
 .debug_macro   0x000000000001816c       0x10 ./Middlewares/ST/STM32_USB_Device_Library/Class/CDC/Src/usbd_cdc.o
 .debug_macro   0x000000000001817c       0x58 ./Middlewares/ST/STM32_USB_Device_Library/Class/CDC/Src/usbd_cdc.o
 .debug_macro   0x00000000000181d4       0x71 ./Middlewares/ST/STM32_USB_Device_Library/Class/CDC/Src/usbd_cdc.o
 .debug_macro   0x0000000000018245       0x1c ./Middlewares/ST/STM32_USB_Device_Library/Class/CDC/Src/usbd_cdc.o
 .debug_macro   0x0000000000018261      0x12a ./Middlewares/ST/STM32_USB_Device_Library/Class/CDC/Src/usbd_cdc.o
 .debug_macro   0x000000000001838b       0x10 ./Middlewares/ST/STM32_USB_Device_Library/Class/CDC/Src/usbd_cdc.o
 .debug_macro   0x000000000001839b       0x1c ./Middlewares/ST/STM32_USB_Device_Library/Class/CDC/Src/usbd_cdc.o
 .debug_macro   0x00000000000183b7       0x52 ./Middlewares/ST/STM32_USB_Device_Library/Class/CDC/Src/usbd_cdc.o
 .debug_macro   0x0000000000018409       0x22 ./Middlewares/ST/STM32_USB_Device_Library/Class/CDC/Src/usbd_cdc.o
 .debug_macro   0x000000000001842b       0x10 ./Middlewares/ST/STM32_USB_Device_Library/Class/CDC/Src/usbd_cdc.o
 .debug_macro   0x000000000001843b       0x40 ./Middlewares/ST/STM32_USB_Device_Library/Class/CDC/Src/usbd_cdc.o
 .debug_macro   0x000000000001847b       0xd5 ./Middlewares/ST/STM32_USB_Device_Library/Class/CDC/Src/usbd_cdc.o
 .debug_macro   0x0000000000018550       0x1c ./Middlewares/ST/STM32_USB_Device_Library/Class/CDC/Src/usbd_cdc.o
 .debug_macro   0x000000000001856c       0x3d ./Middlewares/ST/STM32_USB_Device_Library/Class/CDC/Src/usbd_cdc.o
 .debug_macro   0x00000000000185a9       0x16 ./Middlewares/ST/STM32_USB_Device_Library/Class/CDC/Src/usbd_cdc.o
 .debug_macro   0x00000000000185bf      0x145 ./Middlewares/ST/STM32_USB_Device_Library/Class/CDC/Src/usbd_cdc.o
 .debug_macro   0x0000000000018704       0x16 ./Middlewares/ST/STM32_USB_Device_Library/Class/CDC/Src/usbd_cdc.o
 .debug_macro   0x000000000001871a       0x35 ./Middlewares/ST/STM32_USB_Device_Library/Class/CDC/Src/usbd_cdc.o
 .debug_macro   0x000000000001874f       0x16 ./Middlewares/ST/STM32_USB_Device_Library/Class/CDC/Src/usbd_cdc.o
 .debug_macro   0x0000000000018765       0x29 ./Middlewares/ST/STM32_USB_Device_Library/Class/CDC/Src/usbd_cdc.o
 .debug_macro   0x000000000001878e       0x16 ./Middlewares/ST/STM32_USB_Device_Library/Class/CDC/Src/usbd_cdc.o
 .debug_macro   0x00000000000187a4       0x20 ./Middlewares/ST/STM32_USB_Device_Library/Class/CDC/Src/usbd_cdc.o
 .debug_macro   0x00000000000187c4       0xbd ./Middlewares/ST/STM32_USB_Device_Library/Class/CDC/Src/usbd_cdc.o
 .debug_macro   0x0000000000018881       0x56 ./Middlewares/ST/STM32_USB_Device_Library/Class/CDC/Src/usbd_cdc.o
 .debug_macro   0x00000000000188d7       0x22 ./Middlewares/ST/STM32_USB_Device_Library/Class/CDC/Src/usbd_cdc.o
 .debug_macro   0x00000000000188f9       0x64 ./Middlewares/ST/STM32_USB_Device_Library/Class/CDC/Src/usbd_cdc.o
 .debug_macro   0x000000000001895d       0x60 ./Middlewares/ST/STM32_USB_Device_Library/Class/CDC/Src/usbd_cdc.o
 .debug_macro   0x00000000000189bd      0x1c8 ./Middlewares/ST/STM32_USB_Device_Library/Class/CDC/Src/usbd_cdc.o
 .debug_macro   0x0000000000018b85       0x8f ./Middlewares/ST/STM32_USB_Device_Library/Class/CDC/Src/usbd_cdc.o
 .debug_macro   0x0000000000018c14      0x3f0 ./Middlewares/ST/STM32_USB_Device_Library/Core/Src/usbd_core.o
 .debug_macro   0x0000000000019004      0x1ce ./Middlewares/ST/STM32_USB_Device_Library/Core/Src/usbd_core.o
 .debug_macro   0x00000000000191d2      0x3fa ./Middlewares/ST/STM32_USB_Device_Library/Core/Src/usbd_ctlreq.o
 .debug_macro   0x00000000000195cc      0x3f6 ./Middlewares/ST/STM32_USB_Device_Library/Core/Src/usbd_ioreq.o
 .debug_macro   0x00000000000199c2      0x457 ./Src/main.o
 .debug_macro   0x0000000000019e19       0x52 ./Src/main.o
 .debug_macro   0x0000000000019e6b      0x333 ./Src/main.o
 .debug_macro   0x000000000001a19e      0x1a9 ./Src/main.o
 .debug_macro   0x000000000001a347       0x10 ./Src/main.o
 .debug_macro   0x000000000001a357       0x7c ./Src/pid_controller.o
 .debug_macro   0x000000000001a3d3      0x1f3 ./Src/stm32f1xx_hal_msp.o
 .debug_macro   0x000000000001a5c6      0x1fd ./Src/stm32f1xx_it.o
 .debug_macro   0x000000000001a7c3      0x1d7 ./Src/system_stm32f1xx.o
 .debug_macro   0x000000000001a99a      0x42f ./Src/usb_device.o
 .debug_macro   0x000000000001adc9       0x22 ./Src/usb_device.o
 .debug_macro   0x000000000001adeb       0x16 ./Src/usb_device.o
 .debug_macro   0x000000000001ae01      0x420 ./Src/usbd_cdc_if.o
 .debug_macro   0x000000000001b221      0x413 ./Src/usbd_conf.o
 .debug_macro   0x000000000001b634      0x42d ./Src/usbd_desc.o
 .debug_macro   0x000000000001ba61       0x1c ./Src/usbd_desc.o

.debug_line     0x0000000000000000    0x16822
 .debug_line    0x0000000000000000      0x983 ./Drivers/STM32F1xx_HAL_Driver/Src/stm32f1xx_hal.o
 .debug_line    0x0000000000000983      0xffa ./Drivers/STM32F1xx_HAL_Driver/Src/stm32f1xx_hal_adc.o
 .debug_line    0x000000000000197d      0xd48 ./Drivers/STM32F1xx_HAL_Driver/Src/stm32f1xx_hal_adc_ex.o
 .debug_line    0x00000000000026c5      0xb6b ./Drivers/STM32F1xx_HAL_Driver/Src/stm32f1xx_hal_cortex.o
 .debug_line    0x0000000000003230      0xddb ./Drivers/STM32F1xx_HAL_Driver/Src/stm32f1xx_hal_dma.o
 .debug_line    0x000000000000400b      0xa1a ./Drivers/STM32F1xx_HAL_Driver/Src/stm32f1xx_hal_gpio.o
 .debug_line    0x0000000000004a25     0x1371 ./Drivers/STM32F1xx_HAL_Driver/Src/stm32f1xx_hal_pcd.o
 .debug_line    0x0000000000005d96      0x751 ./Drivers/STM32F1xx_HAL_Driver/Src/stm32f1xx_hal_pcd_ex.o
 .debug_line    0x00000000000064e7      0xd91 ./Drivers/STM32F1xx_HAL_Driver/Src/stm32f1xx_hal_rcc.o
 .debug_line    0x0000000000007278      0x8cf ./Drivers/STM32F1xx_HAL_Driver/Src/stm32f1xx_hal_rcc_ex.o
 .debug_line    0x0000000000007b47     0x332c ./Drivers/STM32F1xx_HAL_Driver/Src/stm32f1xx_hal_tim.o
 .debug_line    0x000000000000ae73     0x18ab ./Drivers/STM32F1xx_HAL_Driver/Src/stm32f1xx_hal_tim_ex.o
 .debug_line    0x000000000000c71e     0x108b ./Drivers/STM32F1xx_HAL_Driver/Src/stm32f1xx_ll_usb.o
 .debug_line    0x000000000000d7a9      0xd71 ./Middlewares/ST/STM32_USB_Device_Library/Class/CDC/Src/usbd_cdc.o
 .debug_line    0x000000000000e51a      0xdf1 ./Middlewares/ST/STM32_USB_Device_Library/Core/Src/usbd_core.o
 .debug_line    0x000000000000f30b     0x1010 ./Middlewares/ST/STM32_USB_Device_Library/Core/Src/usbd_ctlreq.o
 .debug_line    0x000000000001031b      0xa87 ./Middlewares/ST/STM32_USB_Device_Library/Core/Src/usbd_ioreq.o
 .debug_line    0x0000000000010da2      0xd9f ./Src/main.o
 .debug_line    0x0000000000011b41      0x6f9 ./Src/pid_controller.o
 .debug_line    0x000000000001223a      0x80b ./Src/stm32f1xx_hal_msp.o
 .debug_line    0x0000000000012a45      0x7f8 ./Src/stm32f1xx_it.o
 .debug_line    0x000000000001323d      0x76e ./Src/system_stm32f1xx.o
 .debug_line    0x00000000000139ab      0xa3c ./Src/usb_device.o
 .debug_line    0x00000000000143e7      0xa84 ./Src/usbd_cdc_if.o
 .debug_line    0x0000000000014e6b      0xe33 ./Src/usbd_conf.o
 .debug_line    0x0000000000015c9e      0xb05 ./Src/usbd_desc.o
 .debug_line    0x00000000000167a3       0x7f ./Startup/startup_stm32f103c8tx.o

.debug_str      0x0000000000000000    0x9312f
 .debug_str     0x0000000000000000    0x88d9e ./Drivers/STM32F1xx_HAL_Driver/Src/stm32f1xx_hal.o
                                      0x89236 (size before relaxing)
 .debug_str     0x0000000000088d9e      0x60f ./Drivers/STM32F1xx_HAL_Driver/Src/stm32f1xx_hal_adc.o
                                      0x89235 (size before relaxing)
 .debug_str     0x00000000000893ad      0x2fb ./Drivers/STM32F1xx_HAL_Driver/Src/stm32f1xx_hal_adc_ex.o
                                      0x891ea (size before relaxing)
 .debug_str     0x00000000000896a8      0x30a ./Drivers/STM32F1xx_HAL_Driver/Src/stm32f1xx_hal_cortex.o
                                      0x8923e (size before relaxing)
 .debug_str     0x00000000000899b2      0x235 ./Drivers/STM32F1xx_HAL_Driver/Src/stm32f1xx_hal_dma.o
                                      0x88f80 (size before relaxing)
 .debug_str     0x0000000000089be7      0x39e ./Drivers/STM32F1xx_HAL_Driver/Src/stm32f1xx_hal_gpio.o
                                      0x88f69 (size before relaxing)
 .debug_str     0x0000000000089f85      0x69c ./Drivers/STM32F1xx_HAL_Driver/Src/stm32f1xx_hal_pcd.o
                                      0x892f8 (size before relaxing)
 .debug_str     0x000000000008a621      0x18d ./Drivers/STM32F1xx_HAL_Driver/Src/stm32f1xx_hal_pcd_ex.o
                                      0x89045 (size before relaxing)
 .debug_str     0x000000000008a7ae      0x35f ./Drivers/STM32F1xx_HAL_Driver/Src/stm32f1xx_hal_rcc.o
                                      0x88fa2 (size before relaxing)
 .debug_str     0x000000000008ab0d      0x12b ./Drivers/STM32F1xx_HAL_Driver/Src/stm32f1xx_hal_rcc_ex.o
                                      0x88d2f (size before relaxing)
 .debug_str     0x000000000008ac38     0x10bb ./Drivers/STM32F1xx_HAL_Driver/Src/stm32f1xx_hal_tim.o
                                      0x89f74 (size before relaxing)
 .debug_str     0x000000000008bcf3      0x538 ./Drivers/STM32F1xx_HAL_Driver/Src/stm32f1xx_hal_tim_ex.o
                                      0x89725 (size before relaxing)
 .debug_str     0x000000000008c22b      0x2a7 ./Drivers/STM32F1xx_HAL_Driver/Src/stm32f1xx_ll_usb.o
                                      0x89078 (size before relaxing)
 .debug_str     0x000000000008c4d2     0x55b0 ./Middlewares/ST/STM32_USB_Device_Library/Class/CDC/Src/usbd_cdc.o
                                      0x8e598 (size before relaxing)
 .debug_str     0x0000000000091a82      0x1b5 ./Middlewares/ST/STM32_USB_Device_Library/Core/Src/usbd_core.o