05:49:41 **** Incremental Build of configuration Debug for project oled ****
make all 
arm-none-eabi-size   oled.elf 
   text	   data	    bss	    dec	    hex	filename
  28876	     44	   2684	  31604	   7b74	oled.elf
Finished building: default.size.stdout
 
05:51:39 **** Incremental Build of configuration Debug for project oled ****
make all 
arm-none-eabi-size   oled.elf 
   text	   data	    bss	    dec	    hex	filename
  28876	     44	   2684	  31604	   7b74	oled.elf
Finished building: default.size.stdout
 
