21:05:18 **** Build of configuration Debug for project STM32F405 ****
make -j4 all 
arm-none-eabi-gcc "../Drivers/STM32F4xx_HAL_Driver/Src/stm32f4xx_hal.c" -mcpu=cortex-m4 -std=gnu11 -g3 -DSTM32F405xx -DUSE_HAL_DRIVER -DDEBUG -c -I../Drivers/Driver_AGV/Inc -I../Drivers/Driver_IMU/AHRS_Algorithm/MadgwickAHRS -I../Drivers/Driver_ROS/Inc -I../Drivers/CMSIS/Include -I../Drivers/STM32F4xx_HAL_Driver/Inc -I../Core/Inc -I../Drivers/Driver_IMU -I../Drivers/CMSIS/Device/ST/STM32F4xx/Include -I../Drivers/STM32F4xx_HAL_Driver/Inc/Legacy -I../Drivers/Driver_IMU/AHRS_Algorithm/MahonyAHRS -O0 -ffunction-sections -fdata-sections -Wall -fstack-usage -MMD -MP -MF"Drivers/STM32F4xx_HAL_Driver/Src/stm32f4xx_hal.d" -MT"Drivers/STM32F4xx_HAL_Driver/Src/stm32f4xx_hal.o" --specs=nano.specs -mfpu=fpv4-sp-d16 -mfloat-abi=hard -mthumb -o "Drivers/STM32F4xx_HAL_Driver/Src/stm32f4xx_hal.o"
arm-none-eabi-gcc "../Drivers/STM32F4xx_HAL_Driver/Src/stm32f4xx_hal_adc.c" -mcpu=cortex-m4 -std=gnu11 -g3 -DSTM32F405xx -DUSE_HAL_DRIVER -DDEBUG -c -I../Drivers/Driver_AGV/Inc -I../Drivers/Driver_IMU/AHRS_Algorithm/MadgwickAHRS -I../Drivers/Driver_ROS/Inc -I../Drivers/CMSIS/Include -I../Drivers/STM32F4xx_HAL_Driver/Inc -I../Core/Inc -I../Drivers/Driver_IMU -I../Drivers/CMSIS/Device/ST/STM32F4xx/Include -I../Drivers/STM32F4xx_HAL_Driver/Inc/Legacy -I../Drivers/Driver_IMU/AHRS_Algorithm/MahonyAHRS -O0 -ffunction-sections -fdata-sections -Wall -fstack-usage -MMD -MP -MF"Drivers/STM32F4xx_HAL_Driver/Src/stm32f4xx_hal_adc.d" -MT"Drivers/STM32F4xx_HAL_Driver/Src/stm32f4xx_hal_adc.o" --specs=nano.specs -mfpu=fpv4-sp-d16 -mfloat-abi=hard -mthumb -o "Drivers/STM32F4xx_HAL_Driver/Src/stm32f4xx_hal_adc.o"
arm-none-eabi-gcc "../Drivers/STM32F4xx_HAL_Driver/Src/stm32f4xx_hal_adc_ex.c" -mcpu=cortex-m4 -std=gnu11 -g3 -DSTM32F405xx -DUSE_HAL_DRIVER -DDEBUG -c -I../Drivers/Driver_AGV/Inc -I../Drivers/Driver_IMU/AHRS_Algorithm/MadgwickAHRS -I../Drivers/Driver_ROS/Inc -I../Drivers/CMSIS/Include -I../Drivers/STM32F4xx_HAL_Driver/Inc -I../Core/Inc -I../Drivers/Driver_IMU -I../Drivers/CMSIS/Device/ST/STM32F4xx/Include -I../Drivers/STM32F4xx_HAL_Driver/Inc/Legacy -I../Drivers/Driver_IMU/AHRS_Algorithm/MahonyAHRS -O0 -ffunction-sections -fdata-sections -Wall -fstack-usage -MMD -MP -MF"Drivers/STM32F4xx_HAL_Driver/Src/stm32f4xx_hal_adc_ex.d" -MT"Drivers/STM32F4xx_HAL_Driver/Src/stm32f4xx_hal_adc_ex.o" --specs=nano.specs -mfpu=fpv4-sp-d16 -mfloat-abi=hard -mthumb -o "Drivers/STM32F4xx_HAL_Driver/Src/stm32f4xx_hal_adc_ex.o"
arm-none-eabi-gcc "../Drivers/STM32F4xx_HAL_Driver/Src/stm32f4xx_hal_can.c" -mcpu=cortex-m4 -std=gnu11 -g3 -DSTM32F405xx -DUSE_HAL_DRIVER -DDEBUG -c -I../Drivers/Driver_AGV/Inc -I../Drivers/Driver_IMU/AHRS_Algorithm/MadgwickAHRS -I../Drivers/Driver_ROS/Inc -I../Drivers/CMSIS/Include -I../Drivers/STM32F4xx_HAL_Driver/Inc -I../Core/Inc -I../Drivers/Driver_IMU -I../Drivers/CMSIS/Device/ST/STM32F4xx/Include -I../Drivers/STM32F4xx_HAL_Driver/Inc/Legacy -I../Drivers/Driver_IMU/AHRS_Algorithm/MahonyAHRS -O0 -ffunction-sections -fdata-sections -Wall -fstack-usage -MMD -MP -MF"Drivers/STM32F4xx_HAL_Driver/Src/stm32f4xx_hal_can.d" -MT"Drivers/STM32F4xx_HAL_Driver/Src/stm32f4xx_hal_can.o" --specs=nano.specs -mfpu=fpv4-sp-d16 -mfloat-abi=hard -mthumb -o "Drivers/STM32F4xx_HAL_Driver/Src/stm32f4xx_hal_can.o"
arm-none-eabi-gcc "../Drivers/STM32F4xx_HAL_Driver/Src/stm32f4xx_hal_cortex.c" -mcpu=cortex-m4 -std=gnu11 -g3 -DSTM32F405xx -DUSE_HAL_DRIVER -DDEBUG -c -I../Drivers/Driver_AGV/Inc -I../Drivers/Driver_IMU/AHRS_Algorithm/MadgwickAHRS -I../Drivers/Driver_ROS/Inc -I../Drivers/CMSIS/Include -I../Drivers/STM32F4xx_HAL_Driver/Inc -I../Core/Inc -I../Drivers/Driver_IMU -I../Drivers/CMSIS/Device/ST/STM32F4xx/Include -I../Drivers/STM32F4xx_HAL_Driver/Inc/Legacy -I../Drivers/Driver_IMU/AHRS_Algorithm/MahonyAHRS -O0 -ffunction-sections -fdata-sections -Wall -fstack-usage -MMD -MP -MF"Drivers/STM32F4xx_HAL_Driver/Src/stm32f4xx_hal_cortex.d" -MT"Drivers/STM32F4xx_HAL_Driver/Src/stm32f4xx_hal_cortex.o" --specs=nano.specs -mfpu=fpv4-sp-d16 -mfloat-abi=hard -mthumb -o "Drivers/STM32F4xx_HAL_Driver/Src/stm32f4xx_hal_cortex.o"
arm-none-eabi-gcc "../Drivers/STM32F4xx_HAL_Driver/Src/stm32f4xx_hal_dma.c" -mcpu=cortex-m4 -std=gnu11 -g3 -DSTM32F405xx -DUSE_HAL_DRIVER -DDEBUG -c -I../Drivers/Driver_AGV/Inc -I../Drivers/Driver_IMU/AHRS_Algorithm/MadgwickAHRS -I../Drivers/Driver_ROS/Inc -I../Drivers/CMSIS/Include -I../Drivers/STM32F4xx_HAL_Driver/Inc -I../Core/Inc -I../Drivers/Driver_IMU -I../Drivers/CMSIS/Device/ST/STM32F4xx/Include -I../Drivers/STM32F4xx_HAL_Driver/Inc/Legacy -I../Drivers/Driver_IMU/AHRS_Algorithm/MahonyAHRS -O0 -ffunction-sections -fdata-sections -Wall -fstack-usage -MMD -MP -MF"Drivers/STM32F4xx_HAL_Driver/Src/stm32f4xx_hal_dma.d" -MT"Drivers/STM32F4xx_HAL_Driver/Src/stm32f4xx_hal_dma.o" --specs=nano.specs -mfpu=fpv4-sp-d16 -mfloat-abi=hard -mthumb -o "Drivers/STM32F4xx_HAL_Driver/Src/stm32f4xx_hal_dma.o"
arm-none-eabi-gcc "../Drivers/STM32F4xx_HAL_Driver/Src/stm32f4xx_hal_dma_ex.c" -mcpu=cortex-m4 -std=gnu11 -g3 -DSTM32F405xx -DUSE_HAL_DRIVER -DDEBUG -c -I../Drivers/Driver_AGV/Inc -I../Drivers/Driver_IMU/AHRS_Algorithm/MadgwickAHRS -I../Drivers/Driver_ROS/Inc -I../Drivers/CMSIS/Include -I../Drivers/STM32F4xx_HAL_Driver/Inc -I../Core/Inc -I../Drivers/Driver_IMU -I../Drivers/CMSIS/Device/ST/STM32F4xx/Include -I../Drivers/STM32F4xx_HAL_Driver/Inc/Legacy -I../Drivers/Driver_IMU/AHRS_Algorithm/MahonyAHRS -O0 -ffunction-sections -fdata-sections -Wall -fstack-usage -MMD -MP -MF"Drivers/STM32F4xx_HAL_Driver/Src/stm32f4xx_hal_dma_ex.d" -MT"Drivers/STM32F4xx_HAL_Driver/Src/stm32f4xx_hal_dma_ex.o" --specs=nano.specs -mfpu=fpv4-sp-d16 -mfloat-abi=hard -mthumb -o "Drivers/STM32F4xx_HAL_Driver/Src/stm32f4xx_hal_dma_ex.o"
arm-none-eabi-gcc "../Drivers/STM32F4xx_HAL_Driver/Src/stm32f4xx_hal_exti.c" -mcpu=cortex-m4 -std=gnu11 -g3 -DSTM32F405xx -DUSE_HAL_DRIVER -DDEBUG -c -I../Drivers/Driver_AGV/Inc -I../Drivers/Driver_IMU/AHRS_Algorithm/MadgwickAHRS -I../Drivers/Driver_ROS/Inc -I../Drivers/CMSIS/Include -I../Drivers/STM32F4xx_HAL_Driver/Inc -I../Core/Inc -I../Drivers/Driver_IMU -I../Drivers/CMSIS/Device/ST/STM32F4xx/Include -I../Drivers/STM32F4xx_HAL_Driver/Inc/Legacy -I../Drivers/Driver_IMU/AHRS_Algorithm/MahonyAHRS -O0 -ffunction-sections -fdata-sections -Wall -fstack-usage -MMD -MP -MF"Drivers/STM32F4xx_HAL_Driver/Src/stm32f4xx_hal_exti.d" -MT"Drivers/STM32F4xx_HAL_Driver/Src/stm32f4xx_hal_exti.o" --specs=nano.specs -mfpu=fpv4-sp-d16 -mfloat-abi=hard -mthumb -o "Drivers/STM32F4xx_HAL_Driver/Src/stm32f4xx_hal_exti.o"
arm-none-eabi-gcc "../Drivers/STM32F4xx_HAL_Driver/Src/stm32f4xx_hal_flash.c" -mcpu=cortex-m4 -std=gnu11 -g3 -DSTM32F405xx -DUSE_HAL_DRIVER -DDEBUG -c -I../Drivers/Driver_AGV/Inc -I../Drivers/Driver_IMU/AHRS_Algorithm/MadgwickAHRS -I../Drivers/Driver_ROS/Inc -I../Drivers/CMSIS/Include -I../Drivers/STM32F4xx_HAL_Driver/Inc -I../Core/Inc -I../Drivers/Driver_IMU -I../Drivers/CMSIS/Device/ST/STM32F4xx/Include -I../Drivers/STM32F4xx_HAL_Driver/Inc/Legacy -I../Drivers/Driver_IMU/AHRS_Algorithm/MahonyAHRS -O0 -ffunction-sections -fdata-sections -Wall -fstack-usage -MMD -MP -MF"Drivers/STM32F4xx_HAL_Driver/Src/stm32f4xx_hal_flash.d" -MT"Drivers/STM32F4xx_HAL_Driver/Src/stm32f4xx_hal_flash.o" --specs=nano.specs -mfpu=fpv4-sp-d16 -mfloat-abi=hard -mthumb -o "Drivers/STM32F4xx_HAL_Driver/Src/stm32f4xx_hal_flash.o"
arm-none-eabi-gcc "../Drivers/STM32F4xx_HAL_Driver/Src/stm32f4xx_hal_flash_ex.c" -mcpu=cortex-m4 -std=gnu11 -g3 -DSTM32F405xx -DUSE_HAL_DRIVER -DDEBUG -c -I../Drivers/Driver_AGV/Inc -I../Drivers/Driver_IMU/AHRS_Algorithm/MadgwickAHRS -I../Drivers/Driver_ROS/Inc -I../Drivers/CMSIS/Include -I../Drivers/STM32F4xx_HAL_Driver/Inc -I../Core/Inc -I../Drivers/Driver_IMU -I../Drivers/CMSIS/Device/ST/STM32F4xx/Include -I../Drivers/STM32F4xx_HAL_Driver/Inc/Legacy -I../Drivers/Driver_IMU/AHRS_Algorithm/MahonyAHRS -O0 -ffunction-sections -fdata-sections -Wall -fstack-usage -MMD -MP -MF"Drivers/STM32F4xx_HAL_Driver/Src/stm32f4xx_hal_flash_ex.d" -MT"Drivers/STM32F4xx_HAL_Driver/Src/stm32f4xx_hal_flash_ex.o" --specs=nano.specs -mfpu=fpv4-sp-d16 -mfloat-abi=hard -mthumb -o "Drivers/STM32F4xx_HAL_Driver/Src/stm32f4xx_hal_flash_ex.o"
arm-none-eabi-gcc "../Drivers/STM32F4xx_HAL_Driver/Src/stm32f4xx_hal_flash_ramfunc.c" -mcpu=cortex-m4 -std=gnu11 -g3 -DSTM32F405xx -DUSE_HAL_DRIVER -DDEBUG -c -I../Drivers/Driver_AGV/Inc -I../Drivers/Driver_IMU/AHRS_Algorithm/MadgwickAHRS -I../Drivers/Driver_ROS/Inc -I../Drivers/CMSIS/Include -I../Drivers/STM32F4xx_HAL_Driver/Inc -I../Core/Inc -I../Drivers/Driver_IMU -I../Drivers/CMSIS/Device/ST/STM32F4xx/Include -I../Drivers/STM32F4xx_HAL_Driver/Inc/Legacy -I../Drivers/Driver_IMU/AHRS_Algorithm/MahonyAHRS -O0 -ffunction-sections -fdata-sections -Wall -fstack-usage -MMD -MP -MF"Drivers/STM32F4xx_HAL_Driver/Src/stm32f4xx_hal_flash_ramfunc.d" -MT"Drivers/STM32F4xx_HAL_Driver/Src/stm32f4xx_hal_flash_ramfunc.o" --specs=nano.specs -mfpu=fpv4-sp-d16 -mfloat-abi=hard -mthumb -o "Drivers/STM32F4xx_HAL_Driver/Src/stm32f4xx_hal_flash_ramfunc.o"
arm-none-eabi-gcc "../Drivers/STM32F4xx_HAL_Driver/Src/stm32f4xx_hal_gpio.c" -mcpu=cortex-m4 -std=gnu11 -g3 -DSTM32F405xx -DUSE_HAL_DRIVER -DDEBUG -c -I../Drivers/Driver_AGV/Inc -I../Drivers/Driver_IMU/AHRS_Algorithm/MadgwickAHRS -I../Drivers/Driver_ROS/Inc -I../Drivers/CMSIS/Include -I../Drivers/STM32F4xx_HAL_Driver/Inc -I../Core/Inc -I../Drivers/Driver_IMU -I../Drivers/CMSIS/Device/ST/STM32F4xx/Include -I../Drivers/STM32F4xx_HAL_Driver/Inc/Legacy -I../Drivers/Driver_IMU/AHRS_Algorithm/MahonyAHRS -O0 -ffunction-sections -fdata-sections -Wall -fstack-usage -MMD -MP -MF"Drivers/STM32F4xx_HAL_Driver/Src/stm32f4xx_hal_gpio.d" -MT"Drivers/STM32F4xx_HAL_Driver/Src/stm32f4xx_hal_gpio.o" --specs=nano.specs -mfpu=fpv4-sp-d16 -mfloat-abi=hard -mthumb -o "Drivers/STM32F4xx_HAL_Driver/Src/stm32f4xx_hal_gpio.o"
arm-none-eabi-gcc "../Drivers/STM32F4xx_HAL_Driver/Src/stm32f4xx_hal_i2c.c" -mcpu=cortex-m4 -std=gnu11 -g3 -DSTM32F405xx -DUSE_HAL_DRIVER -DDEBUG -c -I../Drivers/Driver_AGV/Inc -I../Drivers/Driver_IMU/AHRS_Algorithm/MadgwickAHRS -I../Drivers/Driver_ROS/Inc -I../Drivers/CMSIS/Include -I../Drivers/STM32F4xx_HAL_Driver/Inc -I../Core/Inc -I../Drivers/Driver_IMU -I../Drivers/CMSIS/Device/ST/STM32F4xx/Include -I../Drivers/STM32F4xx_HAL_Driver/Inc/Legacy -I../Drivers/Driver_IMU/AHRS_Algorithm/MahonyAHRS -O0 -ffunction-sections -fdata-sections -Wall -fstack-usage -MMD -MP -MF"Drivers/STM32F4xx_HAL_Driver/Src/stm32f4xx_hal_i2c.d" -MT"Drivers/STM32F4xx_HAL_Driver/Src/stm32f4xx_hal_i2c.o" --specs=nano.specs -mfpu=fpv4-sp-d16 -mfloat-abi=hard -mthumb -o "Drivers/STM32F4xx_HAL_Driver/Src/stm32f4xx_hal_i2c.o"
arm-none-eabi-gcc "../Drivers/STM32F4xx_HAL_Driver/Src/stm32f4xx_hal_i2c_ex.c" -mcpu=cortex-m4 -std=gnu11 -g3 -DSTM32F405xx -DUSE_HAL_DRIVER -DDEBUG -c -I../Drivers/Driver_AGV/Inc -I../Drivers/Driver_IMU/AHRS_Algorithm/MadgwickAHRS -I../Drivers/Driver_ROS/Inc -I../Drivers/CMSIS/Include -I../Drivers/STM32F4xx_HAL_Driver/Inc -I../Core/Inc -I../Drivers/Driver_IMU -I../Drivers/CMSIS/Device/ST/STM32F4xx/Include -I../Drivers/STM32F4xx_HAL_Driver/Inc/Legacy -I../Drivers/Driver_IMU/AHRS_Algorithm/MahonyAHRS -O0 -ffunction-sections -fdata-sections -Wall -fstack-usage -MMD -MP -MF"Drivers/STM32F4xx_HAL_Driver/Src/stm32f4xx_hal_i2c_ex.d" -MT"Drivers/STM32F4xx_HAL_Driver/Src/stm32f4xx_hal_i2c_ex.o" --specs=nano.specs -mfpu=fpv4-sp-d16 -mfloat-abi=hard -mthumb -o "Drivers/STM32F4xx_HAL_Driver/Src/stm32f4xx_hal_i2c_ex.o"
arm-none-eabi-gcc "../Drivers/STM32F4xx_HAL_Driver/Src/stm32f4xx_hal_pwr.c" -mcpu=cortex-m4 -std=gnu11 -g3 -DSTM32F405xx -DUSE_HAL_DRIVER -DDEBUG -c -I../Drivers/Driver_AGV/Inc -I../Drivers/Driver_IMU/AHRS_Algorithm/MadgwickAHRS -I../Drivers/Driver_ROS/Inc -I../Drivers/CMSIS/Include -I../Drivers/STM32F4xx_HAL_Driver/Inc -I../Core/Inc -I../Drivers/Driver_IMU -I../Drivers/CMSIS/Device/ST/STM32F4xx/Include -I../Drivers/STM32F4xx_HAL_Driver/Inc/Legacy -I../Drivers/Driver_IMU/AHRS_Algorithm/MahonyAHRS -O0 -ffunction-sections -fdata-sections -Wall -fstack-usage -MMD -MP -MF"Drivers/STM32F4xx_HAL_Driver/Src/stm32f4xx_hal_pwr.d" -MT"Drivers/STM32F4xx_HAL_Driver/Src/stm32f4xx_hal_pwr.o" --specs=nano.specs -mfpu=fpv4-sp-d16 -mfloat-abi=hard -mthumb -o "Drivers/STM32F4xx_HAL_Driver/Src/stm32f4xx_hal_pwr.o"
arm-none-eabi-gcc "../Drivers/STM32F4xx_HAL_Driver/Src/stm32f4xx_hal_pwr_ex.c" -mcpu=cortex-m4 -std=gnu11 -g3 -DSTM32F405xx -DUSE_HAL_DRIVER -DDEBUG -c -I../Drivers/Driver_AGV/Inc -I../Drivers/Driver_IMU/AHRS_Algorithm/MadgwickAHRS -I../Drivers/Driver_ROS/Inc -I../Drivers/CMSIS/Include -I../Drivers/STM32F4xx_HAL_Driver/Inc -I../Core/Inc -I../Drivers/Driver_IMU -I../Drivers/CMSIS/Device/ST/STM32F4xx/Include -I../Drivers/STM32F4xx_HAL_Driver/Inc/Legacy -I../Drivers/Driver_IMU/AHRS_Algorithm/MahonyAHRS -O0 -ffunction-sections -fdata-sections -Wall -fstack-usage -MMD -MP -MF"Drivers/STM32F4xx_HAL_Driver/Src/stm32f4xx_hal_pwr_ex.d" -MT"Drivers/STM32F4xx_HAL_Driver/Src/stm32f4xx_hal_pwr_ex.o" --specs=nano.specs -mfpu=fpv4-sp-d16 -mfloat-abi=hard -mthumb -o "Drivers/STM32F4xx_HAL_Driver/Src/stm32f4xx_hal_pwr_ex.o"
arm-none-eabi-gcc "../Drivers/STM32F4xx_HAL_Driver/Src/stm32f4xx_hal_rcc.c" -mcpu=cortex-m4 -std=gnu11 -g3 -DSTM32F405xx -DUSE_HAL_DRIVER -DDEBUG -c -I../Drivers/Driver_AGV/Inc -I../Drivers/Driver_IMU/AHRS_Algorithm/MadgwickAHRS -I../Drivers/Driver_ROS/Inc -I../Drivers/CMSIS/Include -I../Drivers/STM32F4xx_HAL_Driver/Inc -I../Core/Inc -I../Drivers/Driver_IMU -I../Drivers/CMSIS/Device/ST/STM32F4xx/Include -I../Drivers/STM32F4xx_HAL_Driver/Inc/Legacy -I../Drivers/Driver_IMU/AHRS_Algorithm/MahonyAHRS -O0 -ffunction-sections -fdata-sections -Wall -fstack-usage -MMD -MP -MF"Drivers/STM32F4xx_HAL_Driver/Src/stm32f4xx_hal_rcc.d" -MT"Drivers/STM32F4xx_HAL_Driver/Src/stm32f4xx_hal_rcc.o" --specs=nano.specs -mfpu=fpv4-sp-d16 -mfloat-abi=hard -mthumb -o "Drivers/STM32F4xx_HAL_Driver/Src/stm32f4xx_hal_rcc.o"
arm-none-eabi-gcc "../Drivers/STM32F4xx_HAL_Driver/Src/stm32f4xx_hal_rcc_ex.c" -mcpu=cortex-m4 -std=gnu11 -g3 -DSTM32F405xx -DUSE_HAL_DRIVER -DDEBUG -c -I../Drivers/Driver_AGV/Inc -I../Drivers/Driver_IMU/AHRS_Algorithm/MadgwickAHRS -I../Drivers/Driver_ROS/Inc -I../Drivers/CMSIS/Include -I../Drivers/STM32F4xx_HAL_Driver/Inc -I../Core/Inc -I../Drivers/Driver_IMU -I../Drivers/CMSIS/Device/ST/STM32F4xx/Include -I../Drivers/STM32F4xx_HAL_Driver/Inc/Legacy -I../Drivers/Driver_IMU/AHRS_Algorithm/MahonyAHRS -O0 -ffunction-sections -fdata-sections -Wall -fstack-usage -MMD -MP -MF"Drivers/STM32F4xx_HAL_Driver/Src/stm32f4xx_hal_rcc_ex.d" -MT"Drivers/STM32F4xx_HAL_Driver/Src/stm32f4xx_hal_rcc_ex.o" --specs=nano.specs -mfpu=fpv4-sp-d16 -mfloat-abi=hard -mthumb -o "Drivers/STM32F4xx_HAL_Driver/Src/stm32f4xx_hal_rcc_ex.o"
arm-none-eabi-gcc "../Drivers/STM32F4xx_HAL_Driver/Src/stm32f4xx_hal_tim.c" -mcpu=cortex-m4 -std=gnu11 -g3 -DSTM32F405xx -DUSE_HAL_DRIVER -DDEBUG -c -I../Drivers/Driver_AGV/Inc -I../Drivers/Driver_IMU/AHRS_Algorithm/MadgwickAHRS -I../Drivers/Driver_ROS/Inc -I../Drivers/CMSIS/Include -I../Drivers/STM32F4xx_HAL_Driver/Inc -I../Core/Inc -I../Drivers/Driver_IMU -I../Drivers/CMSIS/Device/ST/STM32F4xx/Include -I../Drivers/STM32F4xx_HAL_Driver/Inc/Legacy -I../Drivers/Driver_IMU/AHRS_Algorithm/MahonyAHRS -O0 -ffunction-sections -fdata-sections -Wall -fstack-usage -MMD -MP -MF"Drivers/STM32F4xx_HAL_Driver/Src/stm32f4xx_hal_tim.d" -MT"Drivers/STM32F4xx_HAL_Driver/Src/stm32f4xx_hal_tim.o" --specs=nano.specs -mfpu=fpv4-sp-d16 -mfloat-abi=hard -mthumb -o "Drivers/STM32F4xx_HAL_Driver/Src/stm32f4xx_hal_tim.o"
arm-none-eabi-gcc "../Drivers/STM32F4xx_HAL_Driver/Src/stm32f4xx_hal_tim_ex.c" -mcpu=cortex-m4 -std=gnu11 -g3 -DSTM32F405xx -DUSE_HAL_DRIVER -DDEBUG -c -I../Drivers/Driver_AGV/Inc -I../Drivers/Driver_IMU/AHRS_Algorithm/MadgwickAHRS -I../Drivers/Driver_ROS/Inc -I../Drivers/CMSIS/Include -I../Drivers/STM32F4xx_HAL_Driver/Inc -I../Core/Inc -I../Drivers/Driver_IMU -I../Drivers/CMSIS/Device/ST/STM32F4xx/Include -I../Drivers/STM32F4xx_HAL_Driver/Inc/Legacy -I../Drivers/Driver_IMU/AHRS_Algorithm/MahonyAHRS -O0 -ffunction-sections -fdata-sections -Wall -fstack-usage -MMD -MP -MF"Drivers/STM32F4xx_HAL_Driver/Src/stm32f4xx_hal_tim_ex.d" -MT"Drivers/STM32F4xx_HAL_Driver/Src/stm32f4xx_hal_tim_ex.o" --specs=nano.specs -mfpu=fpv4-sp-d16 -mfloat-abi=hard -mthumb -o "Drivers/STM32F4xx_HAL_Driver/Src/stm32f4xx_hal_tim_ex.o"
arm-none-eabi-gcc "../Drivers/STM32F4xx_HAL_Driver/Src/stm32f4xx_hal_uart.c" -mcpu=cortex-m4 -std=gnu11 -g3 -DSTM32F405xx -DUSE_HAL_DRIVER -DDEBUG -c -I../Drivers/Driver_AGV/Inc -I../Drivers/Driver_IMU/AHRS_Algorithm/MadgwickAHRS -I../Drivers/Driver_ROS/Inc -I../Drivers/CMSIS/Include -I../Drivers/STM32F4xx_HAL_Driver/Inc -I../Core/Inc -I../Drivers/Driver_IMU -I../Drivers/CMSIS/Device/ST/STM32F4xx/Include -I../Drivers/STM32F4xx_HAL_Driver/Inc/Legacy -I../Drivers/Driver_IMU/AHRS_Algorithm/MahonyAHRS -O0 -ffunction-sections -fdata-sections -Wall -fstack-usage -MMD -MP -MF"Drivers/STM32F4xx_HAL_Driver/Src/stm32f4xx_hal_uart.d" -MT"Drivers/STM32F4xx_HAL_Driver/Src/stm32f4xx_hal_uart.o" --specs=nano.specs -mfpu=fpv4-sp-d16 -mfloat-abi=hard -mthumb -o "Drivers/STM32F4xx_HAL_Driver/Src/stm32f4xx_hal_uart.o"
arm-none-eabi-g++ "../Drivers/Driver_ROS/Src/rosapp.cpp" -mcpu=cortex-m4 -std=gnu++14 -g3 -DSTM32F405xx -DUSE_HAL_DRIVER -DDEBUG -c -I../Drivers/Driver_AGV/Inc -I../Drivers/Driver_IMU/AHRS_Algorithm/MadgwickAHRS -I../Drivers/Driver_ROS/Inc -I../Drivers/CMSIS/Include -I../Drivers/STM32F4xx_HAL_Driver/Inc -I../Core/Inc -I../Drivers/Driver_IMU -I../Drivers/CMSIS/Device/ST/STM32F4xx/Include -I../Drivers/STM32F4xx_HAL_Driver/Inc/Legacy -I../Drivers/Driver_IMU/AHRS_Algorithm/MahonyAHRS -O0 -ffunction-sections -fdata-sections -fno-exceptions -fno-rtti -fno-use-cxa-atexit -Wall -fstack-usage -MMD -MP -MF"Drivers/Driver_ROS/Src/rosapp.d" -MT"Drivers/Driver_ROS/Src/rosapp.o" --specs=nano.specs -mfpu=fpv4-sp-d16 -mfloat-abi=hard -mthumb -o "Drivers/Driver_ROS/Src/rosapp.o"
arm-none-eabi-g++ "../Drivers/Driver_ROS/Inc/duration.cpp" -mcpu=cortex-m4 -std=gnu++14 -g3 -DSTM32F405xx -DUSE_HAL_DRIVER -DDEBUG -c -I../Drivers/Driver_AGV/Inc -I../Drivers/Driver_IMU/AHRS_Algorithm/MadgwickAHRS -I../Drivers/Driver_ROS/Inc -I../Drivers/CMSIS/Include -I../Drivers/STM32F4xx_HAL_Driver/Inc -I../Core/Inc -I../Drivers/Driver_IMU -I../Drivers/CMSIS/Device/ST/STM32F4xx/Include -I../Drivers/STM32F4xx_HAL_Driver/Inc/Legacy -I../Drivers/Driver_IMU/AHRS_Algorithm/MahonyAHRS -O0 -ffunction-sections -fdata-sections -fno-exceptions -fno-rtti -fno-use-cxa-atexit -Wall -fstack-usage -MMD -MP -MF"Drivers/Driver_ROS/Inc/duration.d" -MT"Drivers/Driver_ROS/Inc/duration.o" --specs=nano.specs -mfpu=fpv4-sp-d16 -mfloat-abi=hard -mthumb -o "Drivers/Driver_ROS/Inc/duration.o"
In file included from ../Drivers/Driver_ROS/Inc/tf/transform_broadcaster.h:39,
                 from ../Drivers/Driver_ROS/Src/rosapp.cpp:41:
../Drivers/Driver_ROS/Inc/tf/tfMessage.h: In member function 'virtual int tf::tfMessage::deserialize(unsigned char*)':
../Drivers/Driver_ROS/Inc/tf/tfMessage.h:49:148: warning: 'void* realloc(void*, size_t)' moving an object of non-trivially copyable type 'tf::tfMessage::_transforms_type' {aka 'class geometry_msgs::TransformStamped'}; use 'new' and 'delete' instead [-Wclass-memaccess]
   49 |         this->transforms = (geometry_msgs::TransformStamped*)realloc(this->transforms, transforms_lengthT * sizeof(geometry_msgs::TransformStamped));
      |                                                                                                                                                    ^
In file included from ../Drivers/Driver_ROS/Inc/tf/tf.h:38,
                 from ../Drivers/Driver_ROS/Src/rosapp.cpp:40:
../Drivers/Driver_ROS/Inc/geometry_msgs/TransformStamped.h:14:9: note: 'tf::tfMessage::_transforms_type' {aka 'class geometry_msgs::TransformStamped'} declared here
   14 |   class TransformStamped : public ros::Msg
      |         ^~~~~~~~~~~~~~~~
In file included from ../Drivers/Driver_ROS/Inc/tf/transform_broadcaster.h:39,
                 from ../Drivers/Driver_ROS/Src/rosapp.cpp:41:
../Drivers/Driver_ROS/Inc/tf/tfMessage.h:53:104: warning: 'void* memcpy(void*, const void*, size_t)' writing to an object of type 'tf::tfMessage::_transforms_type' {aka 'class geometry_msgs::TransformStamped'} with no trivial copy-assignment; use copy-assignment or copy-initialization instead [-Wclass-memaccess]
   53 |         memcpy( &(this->transforms[i]), &(this->st_transforms), sizeof(geometry_msgs::TransformStamped));
      |                                                                                                        ^
In file included from ../Drivers/Driver_ROS/Inc/tf/tf.h:38,
                 from ../Drivers/Driver_ROS/Src/rosapp.cpp:40:
../Drivers/Driver_ROS/Inc/geometry_msgs/TransformStamped.h:14:9: note: 'tf::tfMessage::_transforms_type' {aka 'class geometry_msgs::TransformStamped'} declared here
   14 |   class TransformStamped : public ros::Msg
      |         ^~~~~~~~~~~~~~~~
arm-none-eabi-g++ "../Drivers/Driver_ROS/Inc/time.cpp" -mcpu=cortex-m4 -std=gnu++14 -g3 -DSTM32F405xx -DUSE_HAL_DRIVER -DDEBUG -c -I../Drivers/Driver_AGV/Inc -I../Drivers/Driver_IMU/AHRS_Algorithm/MadgwickAHRS -I../Drivers/Driver_ROS/Inc -I../Drivers/CMSIS/Include -I../Drivers/STM32F4xx_HAL_Driver/Inc -I../Core/Inc -I../Drivers/Driver_IMU -I../Drivers/CMSIS/Device/ST/STM32F4xx/Include -I../Drivers/STM32F4xx_HAL_Driver/Inc/Legacy -I../Drivers/Driver_IMU/AHRS_Algorithm/MahonyAHRS -O0 -ffunction-sections -fdata-sections -fno-exceptions -fno-rtti -fno-use-cxa-atexit -Wall -fstack-usage -MMD -MP -MF"Drivers/Driver_ROS/Inc/time.d" -MT"Drivers/Driver_ROS/Inc/time.o" --specs=nano.specs -mfpu=fpv4-sp-d16 -mfloat-abi=hard -mthumb -o "Drivers/Driver_ROS/Inc/time.o"
arm-none-eabi-gcc "../Drivers/Driver_IMU/AHRS_Algorithm/MahonyAHRS/MahonyAHRS.c" -mcpu=cortex-m4 -std=gnu11 -g3 -DSTM32F405xx -DUSE_HAL_DRIVER -DDEBUG -c -I../Drivers/Driver_AGV/Inc -I../Drivers/Driver_IMU/AHRS_Algorithm/MadgwickAHRS -I../Drivers/Driver_ROS/Inc -I../Drivers/CMSIS/Include -I../Drivers/STM32F4xx_HAL_Driver/Inc -I../Core/Inc -I../Drivers/Driver_IMU -I../Drivers/CMSIS/Device/ST/STM32F4xx/Include -I../Drivers/STM32F4xx_HAL_Driver/Inc/Legacy -I../Drivers/Driver_IMU/AHRS_Algorithm/MahonyAHRS -O0 -ffunction-sections -fdata-sections -Wall -fstack-usage -MMD -MP -MF"Drivers/Driver_IMU/AHRS_Algorithm/MahonyAHRS/MahonyAHRS.d" -MT"Drivers/Driver_IMU/AHRS_Algorithm/MahonyAHRS/MahonyAHRS.o" --specs=nano.specs -mfpu=fpv4-sp-d16 -mfloat-abi=hard -mthumb -o "Drivers/Driver_IMU/AHRS_Algorithm/MahonyAHRS/MahonyAHRS.o"
arm-none-eabi-gcc "../Drivers/Driver_IMU/AHRS_Algorithm/MadgwickAHRS/MadgwickAHRS.c" -mcpu=cortex-m4 -std=gnu11 -g3 -DSTM32F405xx -DUSE_HAL_DRIVER -DDEBUG -c -I../Drivers/Driver_AGV/Inc -I../Drivers/Driver_IMU/AHRS_Algorithm/MadgwickAHRS -I../Drivers/Driver_ROS/Inc -I../Drivers/CMSIS/Include -I../Drivers/STM32F4xx_HAL_Driver/Inc -I../Core/Inc -I../Drivers/Driver_IMU -I../Drivers/CMSIS/Device/ST/STM32F4xx/Include -I../Drivers/STM32F4xx_HAL_Driver/Inc/Legacy -I../Drivers/Driver_IMU/AHRS_Algorithm/MahonyAHRS -O0 -ffunction-sections -fdata-sections -Wall -fstack-usage -MMD -MP -MF"Drivers/Driver_IMU/AHRS_Algorithm/MadgwickAHRS/MadgwickAHRS.d" -MT"Drivers/Driver_IMU/AHRS_Algorithm/MadgwickAHRS/MadgwickAHRS.o" --specs=nano.specs -mfpu=fpv4-sp-d16 -mfloat-abi=hard -mthumb -o "Drivers/Driver_IMU/AHRS_Algorithm/MadgwickAHRS/MadgwickAHRS.o"
arm-none-eabi-g++ "../Drivers/Driver_IMU/mpu6050.cpp" -mcpu=cortex-m4 -std=gnu++14 -g3 -DSTM32F405xx -DUSE_HAL_DRIVER -DDEBUG -c -I../Drivers/Driver_AGV/Inc -I../Drivers/Driver_IMU/AHRS_Algorithm/MadgwickAHRS -I../Drivers/Driver_ROS/Inc -I../Drivers/CMSIS/Include -I../Drivers/STM32F4xx_HAL_Driver/Inc -I../Core/Inc -I../Drivers/Driver_IMU -I../Drivers/CMSIS/Device/ST/STM32F4xx/Include -I../Drivers/STM32F4xx_HAL_Driver/Inc/Legacy -I../Drivers/Driver_IMU/AHRS_Algorithm/MahonyAHRS -O0 -ffunction-sections -fdata-sections -fno-exceptions -fno-rtti -fno-use-cxa-atexit -Wall -fstack-usage -MMD -MP -MF"Drivers/Driver_IMU/mpu6050.d" -MT"Drivers/Driver_IMU/mpu6050.o" --specs=nano.specs -mfpu=fpv4-sp-d16 -mfloat-abi=hard -mthumb -o "Drivers/Driver_IMU/mpu6050.o"
arm-none-eabi-gcc "../Drivers/Driver_AGV/Src/control.c" -mcpu=cortex-m4 -std=gnu11 -g3 -DSTM32F405xx -DUSE_HAL_DRIVER -DDEBUG -c -I../Drivers/Driver_AGV/Inc -I../Drivers/Driver_IMU/AHRS_Algorithm/MadgwickAHRS -I../Drivers/Driver_ROS/Inc -I../Drivers/CMSIS/Include -I../Drivers/STM32F4xx_HAL_Driver/Inc -I../Core/Inc -I../Drivers/Driver_IMU -I../Drivers/CMSIS/Device/ST/STM32F4xx/Include -I../Drivers/STM32F4xx_HAL_Driver/Inc/Legacy -I../Drivers/Driver_IMU/AHRS_Algorithm/MahonyAHRS -O0 -ffunction-sections -fdata-sections -Wall -fstack-usage -MMD -MP -MF"Drivers/Driver_AGV/Src/control.d" -MT"Drivers/Driver_AGV/Src/control.o" --specs=nano.specs -mfpu=fpv4-sp-d16 -mfloat-abi=hard -mthumb -o "Drivers/Driver_AGV/Src/control.o"
arm-none-eabi-gcc "../Drivers/Driver_AGV/Src/delay.c" -mcpu=cortex-m4 -std=gnu11 -g3 -DSTM32F405xx -DUSE_HAL_DRIVER -DDEBUG -c -I../Drivers/Driver_AGV/Inc -I../Drivers/Driver_IMU/AHRS_Algorithm/MadgwickAHRS -I../Drivers/Driver_ROS/Inc -I../Drivers/CMSIS/Include -I../Drivers/STM32F4xx_HAL_Driver/Inc -I../Core/Inc -I../Drivers/Driver_IMU -I../Drivers/CMSIS/Device/ST/STM32F4xx/Include -I../Drivers/STM32F4xx_HAL_Driver/Inc/Legacy -I../Drivers/Driver_IMU/AHRS_Algorithm/MahonyAHRS -O0 -ffunction-sections -fdata-sections -Wall -fstack-usage -MMD -MP -MF"Drivers/Driver_AGV/Src/delay.d" -MT"Drivers/Driver_AGV/Src/delay.o" --specs=nano.specs -mfpu=fpv4-sp-d16 -mfloat-abi=hard -mthumb -o "Drivers/Driver_AGV/Src/delay.o"
arm-none-eabi-gcc "../Drivers/Driver_AGV/Src/encoder.c" -mcpu=cortex-m4 -std=gnu11 -g3 -DSTM32F405xx -DUSE_HAL_DRIVER -DDEBUG -c -I../Drivers/Driver_AGV/Inc -I../Drivers/Driver_IMU/AHRS_Algorithm/MadgwickAHRS -I../Drivers/Driver_ROS/Inc -I../Drivers/CMSIS/Include -I../Drivers/STM32F4xx_HAL_Driver/Inc -I../Core/Inc -I../Drivers/Driver_IMU -I../Drivers/CMSIS/Device/ST/STM32F4xx/Include -I../Drivers/STM32F4xx_HAL_Driver/Inc/Legacy -I../Drivers/Driver_IMU/AHRS_Algorithm/MahonyAHRS -O0 -ffunction-sections -fdata-sections -Wall -fstack-usage -MMD -MP -MF"Drivers/Driver_AGV/Src/encoder.d" -MT"Drivers/Driver_AGV/Src/encoder.o" --specs=nano.specs -mfpu=fpv4-sp-d16 -mfloat-abi=hard -mthumb -o "Drivers/Driver_AGV/Src/encoder.o"
arm-none-eabi-gcc "../Drivers/Driver_AGV/Src/estimation.c" -mcpu=cortex-m4 -std=gnu11 -g3 -DSTM32F405xx -DUSE_HAL_DRIVER -DDEBUG -c -I../Drivers/Driver_AGV/Inc -I../Drivers/Driver_IMU/AHRS_Algorithm/MadgwickAHRS -I../Drivers/Driver_ROS/Inc -I../Drivers/CMSIS/Include -I../Drivers/STM32F4xx_HAL_Driver/Inc -I../Core/Inc -I../Drivers/Driver_IMU -I../Drivers/CMSIS/Device/ST/STM32F4xx/Include -I../Drivers/STM32F4xx_HAL_Driver/Inc/Legacy -I../Drivers/Driver_IMU/AHRS_Algorithm/MahonyAHRS -O0 -ffunction-sections -fdata-sections -Wall -fstack-usage -MMD -MP -MF"Drivers/Driver_AGV/Src/estimation.d" -MT"Drivers/Driver_AGV/Src/estimation.o" --specs=nano.specs -mfpu=fpv4-sp-d16 -mfloat-abi=hard -mthumb -o "Drivers/Driver_AGV/Src/estimation.o"
arm-none-eabi-gcc "../Drivers/Driver_AGV/Src/gpio.c" -mcpu=cortex-m4 -std=gnu11 -g3 -DSTM32F405xx -DUSE_HAL_DRIVER -DDEBUG -c -I../Drivers/Driver_AGV/Inc -I../Drivers/Driver_IMU/AHRS_Algorithm/MadgwickAHRS -I../Drivers/Driver_ROS/Inc -I../Drivers/CMSIS/Include -I../Drivers/STM32F4xx_HAL_Driver/Inc -I../Core/Inc -I../Drivers/Driver_IMU -I../Drivers/CMSIS/Device/ST/STM32F4xx/Include -I../Drivers/STM32F4xx_HAL_Driver/Inc/Legacy -I../Drivers/Driver_IMU/AHRS_Algorithm/MahonyAHRS -O0 -ffunction-sections -fdata-sections -Wall -fstack-usage -MMD -MP -MF"Drivers/Driver_AGV/Src/gpio.d" -MT"Drivers/Driver_AGV/Src/gpio.o" --specs=nano.specs -mfpu=fpv4-sp-d16 -mfloat-abi=hard -mthumb -o "Drivers/Driver_AGV/Src/gpio.o"
arm-none-eabi-gcc "../Drivers/Driver_AGV/Src/i2cIO.c" -mcpu=cortex-m4 -std=gnu11 -g3 -DSTM32F405xx -DUSE_HAL_DRIVER -DDEBUG -c -I../Drivers/Driver_AGV/Inc -I../Drivers/Driver_IMU/AHRS_Algorithm/MadgwickAHRS -I../Drivers/Driver_ROS/Inc -I../Drivers/CMSIS/Include -I../Drivers/STM32F4xx_HAL_Driver/Inc -I../Core/Inc -I../Drivers/Driver_IMU -I../Drivers/CMSIS/Device/ST/STM32F4xx/Include -I../Drivers/STM32F4xx_HAL_Driver/Inc/Legacy -I../Drivers/Driver_IMU/AHRS_Algorithm/MahonyAHRS -O0 -ffunction-sections -fdata-sections -Wall -fstack-usage -MMD -MP -MF"Drivers/Driver_AGV/Src/i2cIO.d" -MT"Drivers/Driver_AGV/Src/i2cIO.o" --specs=nano.specs -mfpu=fpv4-sp-d16 -mfloat-abi=hard -mthumb -o "Drivers/Driver_AGV/Src/i2cIO.o"
arm-none-eabi-gcc "../Drivers/Driver_AGV/Src/motor.c" -mcpu=cortex-m4 -std=gnu11 -g3 -DSTM32F405xx -DUSE_HAL_DRIVER -DDEBUG -c -I../Drivers/Driver_AGV/Inc -I../Drivers/Driver_IMU/AHRS_Algorithm/MadgwickAHRS -I../Drivers/Driver_ROS/Inc -I../Drivers/CMSIS/Include -I../Drivers/STM32F4xx_HAL_Driver/Inc -I../Core/Inc -I../Drivers/Driver_IMU -I../Drivers/CMSIS/Device/ST/STM32F4xx/Include -I../Drivers/STM32F4xx_HAL_Driver/Inc/Legacy -I../Drivers/Driver_IMU/AHRS_Algorithm/MahonyAHRS -O0 -ffunction-sections -fdata-sections -Wall -fstack-usage -MMD -MP -MF"Drivers/Driver_AGV/Src/motor.d" -MT"Drivers/Driver_AGV/Src/motor.o" --specs=nano.specs -mfpu=fpv4-sp-d16 -mfloat-abi=hard -mthumb -o "Drivers/Driver_AGV/Src/motor.o"
arm-none-eabi-gcc "../Drivers/Driver_AGV/Src/oled.c" -mcpu=cortex-m4 -std=gnu11 -g3 -DSTM32F405xx -DUSE_HAL_DRIVER -DDEBUG -c -I../Drivers/Driver_AGV/Inc -I../Drivers/Driver_IMU/AHRS_Algorithm/MadgwickAHRS -I../Drivers/Driver_ROS/Inc -I../Drivers/CMSIS/Include -I../Drivers/STM32F4xx_HAL_Driver/Inc -I../Core/Inc -I../Drivers/Driver_IMU -I../Drivers/CMSIS/Device/ST/STM32F4xx/Include -I../Drivers/STM32F4xx_HAL_Driver/Inc/Legacy -I../Drivers/Driver_IMU/AHRS_Algorithm/MahonyAHRS -O0 -ffunction-sections -fdata-sections -Wall -fstack-usage -MMD -MP -MF"Drivers/Driver_AGV/Src/oled.d" -MT"Drivers/Driver_AGV/Src/oled.o" --specs=nano.specs -mfpu=fpv4-sp-d16 -mfloat-abi=hard -mthumb -o "Drivers/Driver_AGV/Src/oled.o"
arm-none-eabi-gcc "../Drivers/Driver_AGV/Src/pid.c" -mcpu=cortex-m4 -std=gnu11 -g3 -DSTM32F405xx -DUSE_HAL_DRIVER -DDEBUG -c -I../Drivers/Driver_AGV/Inc -I../Drivers/Driver_IMU/AHRS_Algorithm/MadgwickAHRS -I../Drivers/Driver_ROS/Inc -I../Drivers/CMSIS/Include -I../Drivers/STM32F4xx_HAL_Driver/Inc -I../Core/Inc -I../Drivers/Driver_IMU -I../Drivers/CMSIS/Device/ST/STM32F4xx/Include -I../Drivers/STM32F4xx_HAL_Driver/Inc/Legacy -I../Drivers/Driver_IMU/AHRS_Algorithm/MahonyAHRS -O0 -ffunction-sections -fdata-sections -Wall -fstack-usage -MMD -MP -MF"Drivers/Driver_AGV/Src/pid.d" -MT"Drivers/Driver_AGV/Src/pid.o" --specs=nano.specs -mfpu=fpv4-sp-d16 -mfloat-abi=hard -mthumb -o "Drivers/Driver_AGV/Src/pid.o"
../Drivers/Driver_AGV/Src/oled.c:215:43: warning: 'Move_Z' defined but not used [-Wunused-variable]
  215 | static float Pitch,Roll,Yaw,Move_X,Move_Y,Move_Z;
      |                                           ^~~~~~
../Drivers/Driver_AGV/Src/oled.c:215:36: warning: 'Move_Y' defined but not used [-Wunused-variable]
  215 | static float Pitch,Roll,Yaw,Move_X,Move_Y,Move_Z;
      |                                    ^~~~~~
../Drivers/Driver_AGV/Src/oled.c:215:29: warning: 'Move_X' defined but not used [-Wunused-variable]
  215 | static float Pitch,Roll,Yaw,Move_X,Move_Y,Move_Z;
      |                             ^~~~~~
arm-none-eabi-gcc "../Drivers/Driver_AGV/Src/pstwo.c" -mcpu=cortex-m4 -std=gnu11 -g3 -DSTM32F405xx -DUSE_HAL_DRIVER -DDEBUG -c -I../Drivers/Driver_AGV/Inc -I../Drivers/Driver_IMU/AHRS_Algorithm/MadgwickAHRS -I../Drivers/Driver_ROS/Inc -I../Drivers/CMSIS/Include -I../Drivers/STM32F4xx_HAL_Driver/Inc -I../Core/Inc -I../Drivers/Driver_IMU -I../Drivers/CMSIS/Device/ST/STM32F4xx/Include -I../Drivers/STM32F4xx_HAL_Driver/Inc/Legacy -I../Drivers/Driver_IMU/AHRS_Algorithm/MahonyAHRS -O0 -ffunction-sections -fdata-sections -Wall -fstack-usage -MMD -MP -MF"Drivers/Driver_AGV/Src/pstwo.d" -MT"Drivers/Driver_AGV/Src/pstwo.o" --specs=nano.specs -mfpu=fpv4-sp-d16 -mfloat-abi=hard -mthumb -o "Drivers/Driver_AGV/Src/pstwo.o"
arm-none-eabi-gcc "../Drivers/Driver_AGV/Src/pwm.c" -mcpu=cortex-m4 -std=gnu11 -g3 -DSTM32F405xx -DUSE_HAL_DRIVER -DDEBUG -c -I../Drivers/Driver_AGV/Inc -I../Drivers/Driver_IMU/AHRS_Algorithm/MadgwickAHRS -I../Drivers/Driver_ROS/Inc -I../Drivers/CMSIS/Include -I../Drivers/STM32F4xx_HAL_Driver/Inc -I../Core/Inc -I../Drivers/Driver_IMU -I../Drivers/CMSIS/Device/ST/STM32F4xx/Include -I../Drivers/STM32F4xx_HAL_Driver/Inc/Legacy -I../Drivers/Driver_IMU/AHRS_Algorithm/MahonyAHRS -O0 -ffunction-sections -fdata-sections -Wall -fstack-usage -MMD -MP -MF"Drivers/Driver_AGV/Src/pwm.d" -MT"Drivers/Driver_AGV/Src/pwm.o" --specs=nano.specs -mfpu=fpv4-sp-d16 -mfloat-abi=hard -mthumb -o "Drivers/Driver_AGV/Src/pwm.o"
arm-none-eabi-gcc "../Drivers/Driver_AGV/Src/robot.c" -mcpu=cortex-m4 -std=gnu11 -g3 -DSTM32F405xx -DUSE_HAL_DRIVER -DDEBUG -c -I../Drivers/Driver_AGV/Inc -I../Drivers/Driver_IMU/AHRS_Algorithm/MadgwickAHRS -I../Drivers/Driver_ROS/Inc -I../Drivers/CMSIS/Include -I../Drivers/STM32F4xx_HAL_Driver/Inc -I../Core/Inc -I../Drivers/Driver_IMU -I../Drivers/CMSIS/Device/ST/STM32F4xx/Include -I../Drivers/STM32F4xx_HAL_Driver/Inc/Legacy -I../Drivers/Driver_IMU/AHRS_Algorithm/MahonyAHRS -O0 -ffunction-sections -fdata-sections -Wall -fstack-usage -MMD -MP -MF"Drivers/Driver_AGV/Src/robot.d" -MT"Drivers/Driver_AGV/Src/robot.o" --specs=nano.specs -mfpu=fpv4-sp-d16 -mfloat-abi=hard -mthumb -o "Drivers/Driver_AGV/Src/robot.o"
arm-none-eabi-gcc "../Drivers/Driver_AGV/Src/str.c" -mcpu=cortex-m4 -std=gnu11 -g3 -DSTM32F405xx -DUSE_HAL_DRIVER -DDEBUG -c -I../Drivers/Driver_AGV/Inc -I../Drivers/Driver_IMU/AHRS_Algorithm/MadgwickAHRS -I../Drivers/Driver_ROS/Inc -I../Drivers/CMSIS/Include -I../Drivers/STM32F4xx_HAL_Driver/Inc -I../Core/Inc -I../Drivers/Driver_IMU -I../Drivers/CMSIS/Device/ST/STM32F4xx/Include -I../Drivers/STM32F4xx_HAL_Driver/Inc/Legacy -I../Drivers/Driver_IMU/AHRS_Algorithm/MahonyAHRS -O0 -ffunction-sections -fdata-sections -Wall -fstack-usage -MMD -MP -MF"Drivers/Driver_AGV/Src/str.d" -MT"Drivers/Driver_AGV/Src/str.o" --specs=nano.specs -mfpu=fpv4-sp-d16 -mfloat-abi=hard -mthumb -o "Drivers/Driver_AGV/Src/str.o"
arm-none-eabi-gcc "../Drivers/Driver_AGV/Src/sys.c" -mcpu=cortex-m4 -std=gnu11 -g3 -DSTM32F405xx -DUSE_HAL_DRIVER -DDEBUG -c -I../Drivers/Driver_AGV/Inc -I../Drivers/Driver_IMU/AHRS_Algorithm/MadgwickAHRS -I../Drivers/Driver_ROS/Inc -I../Drivers/CMSIS/Include -I../Drivers/STM32F4xx_HAL_Driver/Inc -I../Core/Inc -I../Drivers/Driver_IMU -I../Drivers/CMSIS/Device/ST/STM32F4xx/Include -I../Drivers/STM32F4xx_HAL_Driver/Inc/Legacy -I../Drivers/Driver_IMU/AHRS_Algorithm/MahonyAHRS -O0 -ffunction-sections -fdata-sections -Wall -fstack-usage -MMD -MP -MF"Drivers/Driver_AGV/Src/sys.d" -MT"Drivers/Driver_AGV/Src/sys.o" --specs=nano.specs -mfpu=fpv4-sp-d16 -mfloat-abi=hard -mthumb -o "Drivers/Driver_AGV/Src/sys.o"
arm-none-eabi-gcc "../Drivers/Driver_AGV/Src/test_demo.c" -mcpu=cortex-m4 -std=gnu11 -g3 -DSTM32F405xx -DUSE_HAL_DRIVER -DDEBUG -c -I../Drivers/Driver_AGV/Inc -I../Drivers/Driver_IMU/AHRS_Algorithm/MadgwickAHRS -I../Drivers/Driver_ROS/Inc -I../Drivers/CMSIS/Include -I../Drivers/STM32F4xx_HAL_Driver/Inc -I../Core/Inc -I../Drivers/Driver_IMU -I../Drivers/CMSIS/Device/ST/STM32F4xx/Include -I../Drivers/STM32F4xx_HAL_Driver/Inc/Legacy -I../Drivers/Driver_IMU/AHRS_Algorithm/MahonyAHRS -O0 -ffunction-sections -fdata-sections -Wall -fstack-usage -MMD -MP -MF"Drivers/Driver_AGV/Src/test_demo.d" -MT"Drivers/Driver_AGV/Src/test_demo.o" --specs=nano.specs -mfpu=fpv4-sp-d16 -mfloat-abi=hard -mthumb -o "Drivers/Driver_AGV/Src/test_demo.o"
arm-none-eabi-gcc "../Drivers/Driver_AGV/Src/timeout.c" -mcpu=cortex-m4 -std=gnu11 -g3 -DSTM32F405xx -DUSE_HAL_DRIVER -DDEBUG -c -I../Drivers/Driver_AGV/Inc -I../Drivers/Driver_IMU/AHRS_Algorithm/MadgwickAHRS -I../Drivers/Driver_ROS/Inc -I../Drivers/CMSIS/Include -I../Drivers/STM32F4xx_HAL_Driver/Inc -I../Core/Inc -I../Drivers/Driver_IMU -I../Drivers/CMSIS/Device/ST/STM32F4xx/Include -I../Drivers/STM32F4xx_HAL_Driver/Inc/Legacy -I../Drivers/Driver_IMU/AHRS_Algorithm/MahonyAHRS -O0 -ffunction-sections -fdata-sections -Wall -fstack-usage -MMD -MP -MF"Drivers/Driver_AGV/Src/timeout.d" -MT"Drivers/Driver_AGV/Src/timeout.o" --specs=nano.specs -mfpu=fpv4-sp-d16 -mfloat-abi=hard -mthumb -o "Drivers/Driver_AGV/Src/timeout.o"
arm-none-eabi-gcc "../Drivers/Driver_AGV/Src/uart.c" -mcpu=cortex-m4 -std=gnu11 -g3 -DSTM32F405xx -DUSE_HAL_DRIVER -DDEBUG -c -I../Drivers/Driver_AGV/Inc -I../Drivers/Driver_IMU/AHRS_Algorithm/MadgwickAHRS -I../Drivers/Driver_ROS/Inc -I../Drivers/CMSIS/Include -I../Drivers/STM32F4xx_HAL_Driver/Inc -I../Core/Inc -I../Drivers/Driver_IMU -I../Drivers/CMSIS/Device/ST/STM32F4xx/Include -I../Drivers/STM32F4xx_HAL_Driver/Inc/Legacy -I../Drivers/Driver_IMU/AHRS_Algorithm/MahonyAHRS -O0 -ffunction-sections -fdata-sections -Wall -fstack-usage -MMD -MP -MF"Drivers/Driver_AGV/Src/uart.d" -MT"Drivers/Driver_AGV/Src/uart.o" --specs=nano.specs -mfpu=fpv4-sp-d16 -mfloat-abi=hard -mthumb -o "Drivers/Driver_AGV/Src/uart.o"
arm-none-eabi-gcc -mcpu=cortex-m4 -g3 -c -x assembler-with-cpp -MMD -MP -MF"Core/Startup/startup_stm32f405rgtx.d" -MT"Core/Startup/startup_stm32f405rgtx.o" --specs=nano.specs -mfpu=fpv4-sp-d16 -mfloat-abi=hard -mthumb -o "Core/Startup/startup_stm32f405rgtx.o" "../Core/Startup/startup_stm32f405rgtx.s"
arm-none-eabi-gcc "../Core/Src/main.c" -mcpu=cortex-m4 -std=gnu11 -g3 -DSTM32F405xx -DUSE_HAL_DRIVER -DDEBUG -c -I../Drivers/Driver_AGV/Inc -I../Drivers/Driver_IMU/AHRS_Algorithm/MadgwickAHRS -I../Drivers/Driver_ROS/Inc -I../Drivers/CMSIS/Include -I../Drivers/STM32F4xx_HAL_Driver/Inc -I../Core/Inc -I../Drivers/Driver_IMU -I../Drivers/CMSIS/Device/ST/STM32F4xx/Include -I../Drivers/STM32F4xx_HAL_Driver/Inc/Legacy -I../Drivers/Driver_IMU/AHRS_Algorithm/MahonyAHRS -O0 -ffunction-sections -fdata-sections -Wall -fstack-usage -MMD -MP -MF"Core/Src/main.d" -MT"Core/Src/main.o" --specs=nano.specs -mfpu=fpv4-sp-d16 -mfloat-abi=hard -mthumb -o "Core/Src/main.o"
arm-none-eabi-gcc "../Core/Src/stm32f4xx_hal_msp.c" -mcpu=cortex-m4 -std=gnu11 -g3 -DSTM32F405xx -DUSE_HAL_DRIVER -DDEBUG -c -I../Drivers/Driver_AGV/Inc -I../Drivers/Driver_IMU/AHRS_Algorithm/MadgwickAHRS -I../Drivers/Driver_ROS/Inc -I../Drivers/CMSIS/Include -I../Drivers/STM32F4xx_HAL_Driver/Inc -I../Core/Inc -I../Drivers/Driver_IMU -I../Drivers/CMSIS/Device/ST/STM32F4xx/Include -I../Drivers/STM32F4xx_HAL_Driver/Inc/Legacy -I../Drivers/Driver_IMU/AHRS_Algorithm/MahonyAHRS -O0 -ffunction-sections -fdata-sections -Wall -fstack-usage -MMD -MP -MF"Core/Src/stm32f4xx_hal_msp.d" -MT"Core/Src/stm32f4xx_hal_msp.o" --specs=nano.specs -mfpu=fpv4-sp-d16 -mfloat-abi=hard -mthumb -o "Core/Src/stm32f4xx_hal_msp.o"
arm-none-eabi-gcc "../Core/Src/stm32f4xx_it.c" -mcpu=cortex-m4 -std=gnu11 -g3 -DSTM32F405xx -DUSE_HAL_DRIVER -DDEBUG -c -I../Drivers/Driver_AGV/Inc -I../Drivers/Driver_IMU/AHRS_Algorithm/MadgwickAHRS -I../Drivers/Driver_ROS/Inc -I../Drivers/CMSIS/Include -I../Drivers/STM32F4xx_HAL_Driver/Inc -I../Core/Inc -I../Drivers/Driver_IMU -I../Drivers/CMSIS/Device/ST/STM32F4xx/Include -I../Drivers/STM32F4xx_HAL_Driver/Inc/Legacy -I../Drivers/Driver_IMU/AHRS_Algorithm/MahonyAHRS -O0 -ffunction-sections -fdata-sections -Wall -fstack-usage -MMD -MP -MF"Core/Src/stm32f4xx_it.d" -MT"Core/Src/stm32f4xx_it.o" --specs=nano.specs -mfpu=fpv4-sp-d16 -mfloat-abi=hard -mthumb -o "Core/Src/stm32f4xx_it.o"
arm-none-eabi-gcc "../Core/Src/syscalls.c" -mcpu=cortex-m4 -std=gnu11 -g3 -DSTM32F405xx -DUSE_HAL_DRIVER -DDEBUG -c -I../Drivers/Driver_AGV/Inc -I../Drivers/Driver_IMU/AHRS_Algorithm/MadgwickAHRS -I../Drivers/Driver_ROS/Inc -I../Drivers/CMSIS/Include -I../Drivers/STM32F4xx_HAL_Driver/Inc -I../Core/Inc -I../Drivers/Driver_IMU -I../Drivers/CMSIS/Device/ST/STM32F4xx/Include -I../Drivers/STM32F4xx_HAL_Driver/Inc/Legacy -I../Drivers/Driver_IMU/AHRS_Algorithm/MahonyAHRS -O0 -ffunction-sections -fdata-sections -Wall -fstack-usage -MMD -MP -MF"Core/Src/syscalls.d" -MT"Core/Src/syscalls.o" --specs=nano.specs -mfpu=fpv4-sp-d16 -mfloat-abi=hard -mthumb -o "Core/Src/syscalls.o"
arm-none-eabi-gcc "../Core/Src/sysmem.c" -mcpu=cortex-m4 -std=gnu11 -g3 -DSTM32F405xx -DUSE_HAL_DRIVER -DDEBUG -c -I../Drivers/Driver_AGV/Inc -I../Drivers/Driver_IMU/AHRS_Algorithm/MadgwickAHRS -I../Drivers/Driver_ROS/Inc -I../Drivers/CMSIS/Include -I../Drivers/STM32F4xx_HAL_Driver/Inc -I../Core/Inc -I../Drivers/Driver_IMU -I../Drivers/CMSIS/Device/ST/STM32F4xx/Include -I../Drivers/STM32F4xx_HAL_Driver/Inc/Legacy -I../Drivers/Driver_IMU/AHRS_Algorithm/MahonyAHRS -O0 -ffunction-sections -fdata-sections -Wall -fstack-usage -MMD -MP -MF"Core/Src/sysmem.d" -MT"Core/Src/sysmem.o" --specs=nano.specs -mfpu=fpv4-sp-d16 -mfloat-abi=hard -mthumb -o "Core/Src/sysmem.o"
arm-none-eabi-gcc "../Core/Src/system_stm32f4xx.c" -mcpu=cortex-m4 -std=gnu11 -g3 -DSTM32F405xx -DUSE_HAL_DRIVER -DDEBUG -c -I../Drivers/Driver_AGV/Inc -I../Drivers/Driver_IMU/AHRS_Algorithm/MadgwickAHRS -I../Drivers/Driver_ROS/Inc -I../Drivers/CMSIS/Include -I../Drivers/STM32F4xx_HAL_Driver/Inc -I../Core/Inc -I../Drivers/Driver_IMU -I../Drivers/CMSIS/Device/ST/STM32F4xx/Include -I../Drivers/STM32F4xx_HAL_Driver/Inc/Legacy -I../Drivers/Driver_IMU/AHRS_Algorithm/MahonyAHRS -O0 -ffunction-sections -fdata-sections -Wall -fstack-usage -MMD -MP -MF"Core/Src/system_stm32f4xx.d" -MT"Core/Src/system_stm32f4xx.o" --specs=nano.specs -mfpu=fpv4-sp-d16 -mfloat-abi=hard -mthumb -o "Core/Src/system_stm32f4xx.o"
arm-none-eabi-g++ -o "STM32F405.elf" @"objects.list"   -mcpu=cortex-m4 -T"C:\Users\Admin\Downloads\STM32F405-master\STM32F405RGTX_FLASH.ld" --specs=nosys.specs -Wl,-Map="STM32F405.map" -Wl,--gc-sections -static --specs=nano.specs -mfpu=fpv4-sp-d16 -mfloat-abi=hard -mthumb -Wl,--start-group -lc -lm -lstdc++ -lsupc++ -Wl,--end-group
Finished building target: STM32F405.elf
 
arm-none-eabi-size   STM32F405.elf 
arm-none-eabi-objdump -h -S  STM32F405.elf  > "STM32F405.list"
arm-none-eabi-objcopy  -O binary  STM32F405.elf  "STM32F405.bin"
   text	   data	    bss	    dec	    hex	filename
  73728	    164	   9280	  83172	  144e4	STM32F405.elf
Finished building: default.size.stdout
 
Finished building: STM32F405.bin
 
Finished building: STM32F405.list
 

21:05:44 Build Finished. 0 errors, 5 warnings. (took 26s.16ms)

